// Jest Snapshot v1, https://goo.gl/fbAQLP

exports[`ManageUsers displays the list of users and defaults to the first user 1`] = `
<div>
  <div
    class="prime-container usa-card__container"
  >
    <div
      class="usa-card__header"
    >
      <h2>
        Manage Users
      </h2>
      <button
        class="usa-button usa-button--outline"
        type="button"
      >
        + New User
      </button>
    </div>
    <div
      class="usa-card__body"
    >
      <div
        class="grid-row"
      >
        <div
          class="display-block users-sidenav"
        >
          <h3>
            Users
          </h3>
          <ul
            class="usa-sidenav"
          >
            <li
              class="usa-sidenav__item users-sidenav-item"
            >
              <div
                class="padding-105 padding-right-2 usa-current"
              >
                <span
                  class="sidenav-user-name"
                >
                  Bob Bobaroo
                </span>
                <br />
                <span
                  class="sidenav-user-email"
                >
                  bob@bobaroo.org
                </span>
              </div>
            </li>
            <li
              class="usa-sidenav__item users-sidenav-item"
            >
              <div
                class="padding-105 padding-right-2"
              >
                <span
                  class="sidenav-user-name"
                >
                  John Doe
                </span>
                <br />
                <span
                  class="sidenav-user-email"
                >
                  john@doe.org
                </span>
              </div>
            </li>
          </ul>
        </div>
        <div
          class="tablet:grid-col"
        >
          <div
            class="user-header"
          >
            <h2
              class="display-inline-block margin-top-2 margin-bottom-105"
            >
              Bob Bobaroo
            </h2>
            <span
              class="usa-tag margin-left-1"
            >
              YOU
            </span>
          </div>
          <div
            class="user-content"
          >
            <p>
              Permissions to manage settings and users are limited to admins only
            </p>
            <fieldset
              class="usa-fieldset prime-radios"
            >
              <legend
                class="usa-legend usa-sr-only"
              >
                Roles
                <span
                  class="usa-hint"
                >
                   (optional)
                </span>
              </legend>
              <div
                class="usa-form-group"
              >
                <div
                  class="usa-radio"
                >
                  <input
                    class="usa-radio__input"
                    disabled=""
                    id="radio-test-1_Admin user_0"
                    name="roleDescription"
                    type="radio"
                    value="Admin user"
                  />
                  <label
                    class="usa-radio__label"
                    for="radio-test-1_Admin user_0"
                  >
                    Admin
                  </label>
                </div>
                <div
                  class="usa-radio"
                >
                  <input
                    class="usa-radio__input"
                    disabled=""
                    id="radio-test-1_Standard user_1"
                    name="roleDescription"
                    type="radio"
                    value="Standard user"
                  />
                  <label
                    class="usa-radio__label"
                    for="radio-test-1_Standard user_1"
                  >
                    User
                  </label>
                </div>
                <div
                  class="usa-radio"
                >
                  <input
                    class="usa-radio__input"
                    disabled=""
                    id="radio-test-1_Test-entry user_2"
                    name="roleDescription"
                    type="radio"
                    value="Test-entry user"
                  />
                  <label
                    class="usa-radio__label"
                    for="radio-test-1_Test-entry user_2"
                  >
                    Entry Only
                  </label>
                </div>
              </div>
            </fieldset>
            <h3>
               Facility Access 
            </h3>
            <p>
              Admins have access to all facilities
            </p>
            <table
              class="usa-table usa-table--borderless"
              style="width: 100%;"
            >
              <tbody>
                <tr>
                  <td>
                    Foo Org
                  </td>
                  <td />
                </tr>
              </tbody>
            </table>
          </div>
          <div
            class="usa-card__footer display-flex flex-justify margin-top-5"
          >
            <button
              class="usa-button usa-button--outline usa-button-disabled flex-align-self-start display-inline-block"
              disabled=""
              type="button"
            >
              <svg
                aria-hidden="true"
                class="svg-inline--fa fa-trash fa-w-14 "
                data-icon="trash"
                data-prefix="fas"
                focusable="false"
                role="img"
                viewBox="0 0 448 512"
                xmlns="http://www.w3.org/2000/svg"
              >
                <path
                  d="M432 32H312l-9.4-18.7A24 24 0 0 0 281.1 0H166.8a23.72 23.72 0 0 0-21.4 13.3L136 32H16A16 16 0 0 0 0 48v32a16 16 0 0 0 16 16h416a16 16 0 0 0 16-16V48a16 16 0 0 0-16-16zM53.2 467a48 48 0 0 0 47.9 45h245.8a48 48 0 0 0 47.9-45L416 128H32z"
                  fill="currentColor"
                />
              </svg>
              + Remove User
            </button>
            <button
              class="usa-button usa-button-disabled"
              disabled=""
              type="button"
            >
              Save changes
            </button>
          </div>
        </div>
      </div>
    </div>
  </div>
</div>
`;
