// Jest Snapshot v1, https://goo.gl/fbAQLP

exports[`AoEForm snapshot 1`] = `
<form
  onSubmit={[Function]}
>
  <div
    className="prime-formgroup"
  >
    <h2
      className="prime-formgroup-heading"
    >
      Symptoms
    </h2>
    <div
      className="usa-fieldset"
    >
      <fieldset
        className="usa-fieldset prime-checkboxes"
      >
        <legend
          className="usa-legend"
        >
          Are you experiencing any of the following symptoms?
          <span
            className="usa-sr-only"
          >
            Required
          </span>
          <span
            className="usa-hint--required"
          >
             *
          </span>
        </legend>
        <div
          className="usa-form-group"
        >
          <div
            className="usa-checkbox"
          >
            <input
              checked={false}
              className="usa-checkbox__input"
              id="check-test-1"
              name="symptom_list"
              onChange={[Function]}
              type="checkbox"
              value="no"
            />
            <label
              className="usa-checkbox__label"
              htmlFor="check-test-1"
            >
              No Symptoms
            </label>
          </div>
        </div>
      </fieldset>
      <div
        className="border-top-1px border-base-lighter margin-y-2"
      />
      <fieldset
        className="usa-fieldset prime-checkboxes symptom-checkboxes"
      >
        <legend
          className="usa-legend usa-sr-only"
        >
          What are your symptoms?
          <span
            className="usa-hint"
          >
             (optional)
          </span>
        </legend>
        <div
          className="usa-form-group"
        >
          <div
            className="usa-checkbox"
          >
            <input
              checked={false}
              className="usa-checkbox__input"
              id="check-test-1"
              name="symptom_list"
              onChange={[Function]}
              type="checkbox"
              value="426000000"
            />
            <label
              className="usa-checkbox__label"
              htmlFor="check-test-1"
            >
              Fever over 100.4F
            </label>
          </div>
          <div
            className="usa-checkbox"
          >
            <input
              checked={false}
              className="usa-checkbox__input"
              id="check-test-2"
              name="symptom_list"
              onChange={[Function]}
              type="checkbox"
              value="103001002"
            />
            <label
              className="usa-checkbox__label"
              htmlFor="check-test-2"
            >
              Feeling feverish
            </label>
          </div>
          <div
            className="usa-checkbox"
          >
            <input
              checked={false}
              className="usa-checkbox__input"
              id="check-test-3"
              name="symptom_list"
              onChange={[Function]}
              type="checkbox"
              value="43724002"
            />
            <label
              className="usa-checkbox__label"
              htmlFor="check-test-3"
            >
              Chills
            </label>
          </div>
          <div
            className="usa-checkbox"
          >
            <input
              checked={false}
              className="usa-checkbox__input"
              id="check-test-4"
              name="symptom_list"
              onChange={[Function]}
              type="checkbox"
              value="49727002"
            />
            <label
              className="usa-checkbox__label"
              htmlFor="check-test-4"
            >
              Cough
            </label>
          </div>
          <div
            className="usa-checkbox"
          >
            <input
              checked={false}
              className="usa-checkbox__input"
              id="check-test-5"
              name="symptom_list"
              onChange={[Function]}
              type="checkbox"
              value="267036007"
            />
            <label
              className="usa-checkbox__label"
              htmlFor="check-test-5"
            >
              Shortness of breath
            </label>
          </div>
          <div
            className="usa-checkbox"
          >
            <input
              checked={false}
              className="usa-checkbox__input"
              id="check-test-6"
              name="symptom_list"
              onChange={[Function]}
              type="checkbox"
              value="230145002"
            />
            <label
              className="usa-checkbox__label"
              htmlFor="check-test-6"
            >
              Difficulty breathing
            </label>
          </div>
          <div
            className="usa-checkbox"
          >
            <input
              checked={false}
              className="usa-checkbox__input"
              id="check-test-7"
              name="symptom_list"
              onChange={[Function]}
              type="checkbox"
              value="84229001"
            />
            <label
              className="usa-checkbox__label"
              htmlFor="check-test-7"
            >
              Fatigue
            </label>
          </div>
          <div
            className="usa-checkbox"
          >
            <input
              checked={false}
              className="usa-checkbox__input"
              id="check-test-8"
              name="symptom_list"
              onChange={[Function]}
              type="checkbox"
              value="68962001"
            />
            <label
              className="usa-checkbox__label"
              htmlFor="check-test-8"
            >
              Muscle or body aches
            </label>
          </div>
          <div
            className="usa-checkbox"
          >
            <input
              checked={false}
              className="usa-checkbox__input"
              id="check-test-9"
              name="symptom_list"
              onChange={[Function]}
              type="checkbox"
              value="25064002"
            />
            <label
              className="usa-checkbox__label"
              htmlFor="check-test-9"
            >
              Headache
            </label>
          </div>
          <div
            className="usa-checkbox"
          >
            <input
              checked={false}
              className="usa-checkbox__input"
              id="check-test-10"
              name="symptom_list"
              onChange={[Function]}
              type="checkbox"
              value="36955009"
            />
            <label
              className="usa-checkbox__label"
              htmlFor="check-test-10"
            >
              New loss of taste
            </label>
          </div>
          <div
            className="usa-checkbox"
          >
            <input
              checked={false}
              className="usa-checkbox__input"
              id="check-test-11"
              name="symptom_list"
              onChange={[Function]}
              type="checkbox"
              value="44169009"
            />
            <label
              className="usa-checkbox__label"
              htmlFor="check-test-11"
            >
              New loss of smell
            </label>
          </div>
          <div
            className="usa-checkbox"
          >
            <input
              checked={false}
              className="usa-checkbox__input"
              id="check-test-12"
              name="symptom_list"
              onChange={[Function]}
              type="checkbox"
              value="162397003"
            />
            <label
              className="usa-checkbox__label"
              htmlFor="check-test-12"
            >
              Sore throat
            </label>
          </div>
          <div
            className="usa-checkbox"
          >
            <input
              checked={false}
              className="usa-checkbox__input"
              id="check-test-13"
              name="symptom_list"
              onChange={[Function]}
              type="checkbox"
              value="68235000"
            />
            <label
              className="usa-checkbox__label"
              htmlFor="check-test-13"
            >
              Nasal congestion
            </label>
          </div>
          <div
            className="usa-checkbox"
          >
            <input
              checked={false}
              className="usa-checkbox__input"
              id="check-test-14"
              name="symptom_list"
              onChange={[Function]}
              type="checkbox"
              value="64531003"
            />
            <label
              className="usa-checkbox__label"
              htmlFor="check-test-14"
            >
              Runny nose
            </label>
          </div>
          <div
            className="usa-checkbox"
          >
            <input
              checked={false}
              className="usa-checkbox__input"
              id="check-test-15"
              name="symptom_list"
              onChange={[Function]}
              type="checkbox"
              value="422587007"
            />
            <label
              className="usa-checkbox__label"
              htmlFor="check-test-15"
            >
              Nausea
            </label>
          </div>
          <div
            className="usa-checkbox"
          >
            <input
              checked={false}
              className="usa-checkbox__input"
              id="check-test-16"
              name="symptom_list"
              onChange={[Function]}
              type="checkbox"
              value="422400008"
            />
            <label
              className="usa-checkbox__label"
              htmlFor="check-test-16"
            >
              Vomiting
            </label>
          </div>
          <div
            className="usa-checkbox"
          >
            <input
              checked={false}
              className="usa-checkbox__input"
              id="check-test-17"
              name="symptom_list"
              onChange={[Function]}
              type="checkbox"
              value="62315008"
            />
            <label
              className="usa-checkbox__label"
              htmlFor="check-test-17"
            >
              Diarrhea
            </label>
          </div>
        </div>
      </fieldset>
    </div>
    <div
      className="usa-form-group"
    >
      <label
        className="usa-label"
        htmlFor="text-test-1"
      >
        Date of symptom onset
        <span
          className="usa-hint"
        >
           (optional)
        </span>
      </label>
      <input
        aria-required="false"
        className="usa-input"
        id="text-test-1"
        max="2021-02-06"
        min="2020-02-01"
        name="symptom_onset"
        onChange={[Function]}
        type="date"
        value=""
      />
    </div>
  </div>
  <div
    className="prime-formgroup"
  >
    <h2
      className="prime-formgroup-heading"
    >
      Test History
    </h2>
    <div
      className="prime-formgroup__wrapper"
    >
      <div
        className="margin-top-2"
      >
        <b>
          Was this your most recent COVID-19 test?
        </b>
        <span
          className="usa-hint"
        >
           (optional)
        </span>
      </div>
      <p
        className="prime-previous-test-display margin-top-2 margin-bottom-0 line-height-sans-5"
      >
        <b>
          Date: 
        </b>
        Friday, February 5, 2021 10:01 PM
        <br />
        <b>
          Type: 
        </b>
        Antigen
        <br />
        <b>
          Result: 
        </b>
        NEGATIVE
      </p>
      <fieldset
        className="usa-fieldset prime-radios"
      >
        <legend
          className="usa-legend usa-sr-only"
        >
          Was this your most recent COVID-19 test?
          <span
            className="usa-hint"
          >
             (optional)
          </span>
        </legend>
        <div
          className="usa-form-group prime-radio--horizontal"
        >
          <div
            className="usa-radio prime-radio--horizontal__container"
          >
            <input
              checked={false}
              className="usa-radio__input"
              disabled={false}
              id="radio-test-1_yes_0"
              name="most_recent_flag"
              onChange={[Function]}
              type="radio"
              value="yes"
            />
            <label
              className="usa-radio__label"
              htmlFor="radio-test-1_yes_0"
            >
              Yes
            </label>
          </div>
          <div
            className="usa-radio prime-radio--horizontal__container"
          >
            <input
              checked={false}
              className="usa-radio__input"
              disabled={false}
              id="radio-test-1_no_1"
              name="most_recent_flag"
              onChange={[Function]}
              type="radio"
              value="no"
            />
            <label
              className="usa-radio__label"
              htmlFor="radio-test-1_no_1"
            >
              No
            </label>
          </div>
        </div>
      </fieldset>
    </div>
  </div>
  <div
    className="prime-formgroup"
  >
    <h2
      className="prime-formgroup-heading"
    >
      Pregnancy
    </h2>
    <fieldset
      className="usa-fieldset prime-radios"
    >
      <legend
        className="usa-legend"
      >
        Currently pregnant?
        <span
          className="usa-hint"
        >
           (optional)
        </span>
      </legend>
      <div
        className="usa-form-group"
      >
        <div
          className="usa-radio"
        >
          <input
            checked={false}
            className="usa-radio__input"
            disabled={false}
            id="radio-test-1_77386006_0"
            name="pregnancy"
            onChange={[Function]}
            type="radio"
            value="77386006"
          />
          <label
            className="usa-radio__label"
            htmlFor="radio-test-1_77386006_0"
          >
            Yes
          </label>
        </div>
        <div
          className="usa-radio"
        >
          <input
            checked={false}
            className="usa-radio__input"
            disabled={false}
            id="radio-test-1_60001007_1"
            name="pregnancy"
            onChange={[Function]}
            type="radio"
            value="60001007"
          />
          <label
            className="usa-radio__label"
            htmlFor="radio-test-1_60001007_1"
          >
            No
          </label>
        </div>
        <div
          className="usa-radio"
        >
          <input
            checked={false}
            className="usa-radio__input"
            disabled={false}
            id="radio-test-1_261665006_2"
            name="pregnancy"
            onChange={[Function]}
            type="radio"
            value="261665006"
          />
          <label
            className="usa-radio__label"
            htmlFor="radio-test-1_261665006_2"
          >
            Would not state
          </label>
        </div>
      </div>
    </fieldset>
  </div>
  <div
    className="margin-top-4 padding-top-205 border-top border-base-lighter margin-x-neg-205"
  >
    <div
      className="sr-time-of-test-buttons"
    >
      <button
        className="usa-button"
        id="aoe-form-save-button"
        type="submit"
      >
        save
      </button>
    </div>
  </div>
</form>
`;
