// Jest Snapshot v1, https://goo.gl/fbAQLP

exports[`AoEForm renders correctly 1`] = `
<form
  className="display-flex flex-column padding-bottom-10"
  onSubmit={[Function]}
>
  <p
    className="message--required"
  >
    Required fields are marked with an asterisk
     (
    <abbr
      className="usa-hint usa-hint--required"
      title="required"
    >
      *
    </abbr>
    ).
  </p>
  <div
    className="prime-formgroup"
  >
    <fieldset
      className="usa-fieldset"
    >
      <legend
        className="prime-formgroup-heading usa-legend"
      >
        Results
      </legend>
      <div
        className="prime-formgroup__wrapper"
      >
        <div
          className="usa-form-group margin-top-0"
        >
          <fieldset
            className="usa-fieldset prime-radios"
          >
            <legend
              className="usa-legend"
            >
              Would you like to receive a copy of your results via text message?
            </legend>
            <span
              className="usa-hint"
            >
              You’re responsible for entering the correct contact information, following applicable federal and state laws.
            </span>
            <div
              className=""
            >
              <div
                className="usa-radio"
              >
                <input
                  checked={true}
                  className="usa-radio__input"
                  data-required="false"
                  disabled={false}
                  id="8-val-SMS"
                  name="testResultDelivery"
                  onChange={[Function]}
                  type="radio"
                  value="SMS"
                />
                <label
                  className="usa-radio__label"
                  htmlFor="8-val-SMS"
                >
                  Yes, text all mobile numbers on file.
                  <span
                    className="usa-checkbox__label-description"
                  >
                    <p>
                      <span
                        className="radio__label-description--checked"
                      >
                        <strong>
                          Results will be sent to these numbers:
                        </strong>
                      </span>
                    </p>
                    <span
                      className="radio__label-description--checked usa-radio__label-description text-base"
                    >
                      2708675309
                    </span>
                  </span>
                </label>
              </div>
              <div
                className="usa-radio"
              >
                <input
                  checked={false}
                  className="usa-radio__input"
                  data-required="false"
                  disabled={false}
                  id="8-val-NONE"
                  name="testResultDelivery"
                  onChange={[Function]}
                  type="radio"
                  value="NONE"
                />
                <label
                  className="usa-radio__label"
                  htmlFor="8-val-NONE"
                >
                  No
                </label>
              </div>
            </div>
          </fieldset>
        </div>
      </div>
    </fieldset>
  </div>
  <div
    className="prime-formgroup"
  >
    <fieldset
      className="usa-fieldset"
    >
      <legend
        className="prime-formgroup-heading usa-legend"
      >
        Symptoms
      </legend>
      <div
        className="usa-fieldset"
      >
        <div
          className="usa-form-group"
        >
          <fieldset
            className="usa-fieldset prime-checkboxes"
          >
            <legend
              className="usa-legend"
            >
              Are you experiencing any of the following symptoms?
              <abbr
                className="usa-hint usa-hint--required"
                title="required"
              >
                 
                *
              </abbr>
            </legend>
            <div
              className="checkboxes"
            >
              <div
                className="usa-checkbox"
              >
                <input
                  checked={false}
                  className="usa-checkbox__input"
                  id="9-val-0"
                  name="no_symptoms"
                  onChange={[Function]}
                  type="checkbox"
                  value="no"
                />
                <label
                  className="usa-checkbox__label"
                  htmlFor="9-val-0"
                >
                  No Symptoms
                </label>
              </div>
            </div>
          </fieldset>
        </div>
        <div
          className="border-top-1px border-base-lighter margin-y-2"
        />
        <div
          className="usa-form-group"
        >
          <fieldset
            className="usa-fieldset prime-checkboxes symptom-checkboxes"
          >
            <legend
              className="usa-legend usa-sr-only"
            >
              What are your symptoms?
            </legend>
            <div
              className="checkboxes"
            >
              <div
                className="usa-checkbox"
              >
                <input
                  checked={true}
                  className="usa-checkbox__input"
                  id="10-val-0"
                  name="symptom_list"
                  onChange={[Function]}
                  type="checkbox"
                  value="426000000"
                />
                <label
                  className="usa-checkbox__label"
                  htmlFor="10-val-0"
                >
                  Fever over 100.4F
                </label>
              </div>
              <div
                className="usa-checkbox"
              >
                <input
                  checked={false}
                  className="usa-checkbox__input"
                  id="10-val-1"
                  name="symptom_list"
                  onChange={[Function]}
                  type="checkbox"
                  value="103001002"
                />
                <label
                  className="usa-checkbox__label"
                  htmlFor="10-val-1"
                >
                  Feeling feverish
                </label>
              </div>
              <div
                className="usa-checkbox"
              >
                <input
                  checked={false}
                  className="usa-checkbox__input"
                  id="10-val-2"
                  name="symptom_list"
                  onChange={[Function]}
                  type="checkbox"
                  value="43724002"
                />
                <label
                  className="usa-checkbox__label"
                  htmlFor="10-val-2"
                >
                  Chills
                </label>
              </div>
              <div
                className="usa-checkbox"
              >
                <input
                  checked={false}
                  className="usa-checkbox__input"
                  id="10-val-3"
                  name="symptom_list"
                  onChange={[Function]}
                  type="checkbox"
                  value="49727002"
                />
                <label
                  className="usa-checkbox__label"
                  htmlFor="10-val-3"
                >
                  Cough
                </label>
              </div>
              <div
                className="usa-checkbox"
              >
                <input
                  checked={false}
                  className="usa-checkbox__input"
                  id="10-val-4"
                  name="symptom_list"
                  onChange={[Function]}
                  type="checkbox"
                  value="267036007"
                />
                <label
                  className="usa-checkbox__label"
                  htmlFor="10-val-4"
                >
                  Shortness of breath
                </label>
              </div>
              <div
                className="usa-checkbox"
              >
                <input
                  checked={false}
                  className="usa-checkbox__input"
                  id="10-val-5"
                  name="symptom_list"
                  onChange={[Function]}
                  type="checkbox"
                  value="230145002"
                />
                <label
                  className="usa-checkbox__label"
                  htmlFor="10-val-5"
                >
                  Difficulty breathing
                </label>
              </div>
              <div
                className="usa-checkbox"
              >
                <input
                  checked={false}
                  className="usa-checkbox__input"
                  id="10-val-6"
                  name="symptom_list"
                  onChange={[Function]}
                  type="checkbox"
                  value="84229001"
                />
                <label
                  className="usa-checkbox__label"
                  htmlFor="10-val-6"
                >
                  Fatigue
                </label>
              </div>
              <div
                className="usa-checkbox"
              >
                <input
                  checked={false}
                  className="usa-checkbox__input"
                  id="10-val-7"
                  name="symptom_list"
                  onChange={[Function]}
                  type="checkbox"
                  value="68962001"
                />
                <label
                  className="usa-checkbox__label"
                  htmlFor="10-val-7"
                >
                  Muscle or body aches
                </label>
              </div>
              <div
                className="usa-checkbox"
              >
                <input
                  checked={false}
                  className="usa-checkbox__input"
                  id="10-val-8"
                  name="symptom_list"
                  onChange={[Function]}
                  type="checkbox"
                  value="25064002"
                />
                <label
                  className="usa-checkbox__label"
                  htmlFor="10-val-8"
                >
                  Headache
                </label>
              </div>
              <div
                className="usa-checkbox"
              >
                <input
                  checked={false}
                  className="usa-checkbox__input"
                  id="10-val-9"
                  name="symptom_list"
                  onChange={[Function]}
                  type="checkbox"
                  value="36955009"
                />
                <label
                  className="usa-checkbox__label"
                  htmlFor="10-val-9"
                >
                  New loss of taste
                </label>
              </div>
              <div
                className="usa-checkbox"
              >
                <input
                  checked={false}
                  className="usa-checkbox__input"
                  id="10-val-10"
                  name="symptom_list"
                  onChange={[Function]}
                  type="checkbox"
                  value="44169009"
                />
                <label
                  className="usa-checkbox__label"
                  htmlFor="10-val-10"
                >
                  New loss of smell
                </label>
              </div>
              <div
                className="usa-checkbox"
              >
                <input
                  checked={false}
                  className="usa-checkbox__input"
                  id="10-val-11"
                  name="symptom_list"
                  onChange={[Function]}
                  type="checkbox"
                  value="162397003"
                />
                <label
                  className="usa-checkbox__label"
                  htmlFor="10-val-11"
                >
                  Sore throat
                </label>
              </div>
              <div
                className="usa-checkbox"
              >
                <input
                  checked={false}
                  className="usa-checkbox__input"
                  id="10-val-12"
                  name="symptom_list"
                  onChange={[Function]}
                  type="checkbox"
                  value="68235000"
                />
                <label
                  className="usa-checkbox__label"
                  htmlFor="10-val-12"
                >
                  Nasal congestion
                </label>
              </div>
              <div
                className="usa-checkbox"
              >
                <input
                  checked={false}
                  className="usa-checkbox__input"
                  id="10-val-13"
                  name="symptom_list"
                  onChange={[Function]}
                  type="checkbox"
                  value="64531003"
                />
                <label
                  className="usa-checkbox__label"
                  htmlFor="10-val-13"
                >
                  Runny nose
                </label>
              </div>
              <div
                className="usa-checkbox"
              >
                <input
                  checked={false}
                  className="usa-checkbox__input"
                  id="10-val-14"
                  name="symptom_list"
                  onChange={[Function]}
                  type="checkbox"
                  value="422587007"
                />
                <label
                  className="usa-checkbox__label"
                  htmlFor="10-val-14"
                >
                  Nausea
                </label>
              </div>
              <div
                className="usa-checkbox"
              >
                <input
                  checked={false}
                  className="usa-checkbox__input"
                  id="10-val-15"
                  name="symptom_list"
                  onChange={[Function]}
                  type="checkbox"
                  value="422400008"
                />
                <label
                  className="usa-checkbox__label"
                  htmlFor="10-val-15"
                >
                  Vomiting
                </label>
              </div>
              <div
                className="usa-checkbox"
              >
                <input
                  checked={false}
                  className="usa-checkbox__input"
                  id="10-val-16"
                  name="symptom_list"
                  onChange={[Function]}
                  type="checkbox"
                  value="62315008"
                />
                <label
                  className="usa-checkbox__label"
                  htmlFor="10-val-16"
                >
                  Diarrhea
                </label>
              </div>
            </div>
          </fieldset>
        </div>
      </div>
      <div
        className="usa-form-group"
      >
        <label
          className="usa-label"
          data-testid="label"
          htmlFor="meeting-time"
        >
          Date of symptom onset
        </label>
        <span
          className="usa-hint"
        >
          mm/dd/yyyy
        </span>
        <div
          className="usa-date-picker usa-date-picker--initialized maxw-mobile"
          data-testid="date-picker"
          onBlur={[Function]}
          onKeyDown={[Function]}
        >
          <input
            aria-hidden={true}
            className="usa-input usa-sr-only usa-date-picker__internal-input"
            data-testid="date-picker-internal-input"
            disabled={false}
            name="symptom_onset"
            readOnly={true}
            required={false}
            tabIndex={-1}
            type="text"
            value=""
          />
          <div
            className="usa-date-picker__wrapper"
            tabIndex={-1}
          >
            <input
              className="usa-input usa-date-picker__external-input"
              data-testid="date-picker-external-input"
              id="symptom_onset"
              onBlur={[Function]}
              onFocus={[Function]}
              onInput={[Function]}
              required={true}
              type="text"
              value=""
            />
            <button
              aria-haspopup={true}
              aria-label="Toggle calendar"
              className="usa-date-picker__button"
              data-testid="date-picker-button"
              onClick={[Function]}
              type="button"
            >
               
            </button>
            <div
              aria-modal="true"
              className="usa-date-picker__calendar"
              data-testid="date-picker-calendar"
              hidden={true}
              onKeyDown={[Function]}
              onKeyUp={[Function]}
              role="dialog"
              style={
                Object {
                  "top": "0px",
                }
              }
            />
            <div
              aria-live="polite"
              className="usa-sr-only usa-date-picker__status"
              data-testid="date-picker-status"
              role="status"
            >
              
            </div>
          </div>
        </div>
      </div>
    </fieldset>
  </div>
  <div
    className="prime-formgroup"
  >
    <fieldset
      className="usa-fieldset"
    >
      <legend
        className="prime-formgroup-heading usa-legend"
      >
        Test history
      </legend>
      <div
        className="prime-formgroup__wrapper"
      >
        <div
          className="margin-top-2"
        >
          <b>
            Was this your most recent COVID-19 test?
          </b>
        </div>
        <p
          className="prime-previous-test-display margin-top-2 margin-bottom-0 line-height-sans-5"
        >
          <b>
            Date: 
          </b>
          Monday, June 21, 2021 2:48 PM
          <br />
          <b>
            Type: 
          </b>
          Antigen
          <br />
          <b>
            Result: 
          </b>
          NEGATIVE
        </p>
        <div
          className="usa-form-group"
        >
          <fieldset
            className="usa-fieldset prime-radios"
          >
            <legend
              className="usa-legend usa-sr-only"
            >
              Was this your most recent COVID-19 test?
            </legend>
            <div
              className="prime-radio--horizontal"
            >
              <div
                className="usa-radio prime-radio--horizontal__container"
              >
                <input
                  checked={true}
                  className="usa-radio__input"
                  data-required="false"
                  disabled={false}
                  id="11-val-yes"
                  name="most_recent_flag"
                  onChange={[Function]}
                  type="radio"
                  value="yes"
                />
                <label
                  className="usa-radio__label"
                  htmlFor="11-val-yes"
                >
                  Yes
                </label>
              </div>
              <div
                className="usa-radio prime-radio--horizontal__container"
              >
                <input
                  checked={false}
                  className="usa-radio__input"
                  data-required="false"
                  disabled={false}
                  id="11-val-no"
                  name="most_recent_flag"
                  onChange={[Function]}
                  type="radio"
                  value="no"
                />
                <label
                  className="usa-radio__label"
                  htmlFor="11-val-no"
                >
                  No
                </label>
              </div>
            </div>
          </fieldset>
        </div>
      </div>
    </fieldset>
  </div>
  <div
    className="margin-top-3"
  >
    <div
      className="sr-time-of-test-buttons sr-time-of-test-buttons-footer"
    >
      <button
        className="usa-button margin-right-0"
        id="aoe-form-save-button"
        type="submit"
      >
        save
      </button>
    </div>
  </div>
</form>
`;
