// Jest Snapshot v1, https://goo.gl/fbAQLP

exports[`SymptomInputs renders 1`] = `
Array [
  <div
    className="usa-fieldset"
  >
    <fieldset
      className="usa-fieldset prime-checkboxes"
    >
      <legend
        className="usa-legend"
      >
        Are you experiencing any of the following symptoms?
        <abbr
          className="usa-hint usa-hint--required"
          title="required"
        >
           
          *
        </abbr>
      </legend>
      <div
        className="usa-form-group"
      >
        <div
          className="usa-checkbox"
        >
          <input
            checked={false}
            className="usa-checkbox__input"
            id="1-val-0"
            name="no_symptoms"
            onChange={[Function]}
            type="checkbox"
            value="no"
          />
          <label
            className="usa-checkbox__label"
            htmlFor="1-val-0"
          >
            No Symptoms
          </label>
        </div>
      </div>
    </fieldset>
    <div
      className="border-top-1px border-base-lighter margin-y-2"
    />
    <fieldset
      className="usa-fieldset prime-checkboxes symptom-checkboxes"
    >
      <legend
        className="usa-legend usa-sr-only"
      >
        What are your symptoms?
      </legend>
      <div
        className="usa-form-group"
      >
        <div
          className="usa-checkbox"
        >
          <input
            checked={false}
            className="usa-checkbox__input"
            id="2-val-0"
            name="symptom_list"
            onChange={[Function]}
            type="checkbox"
            value="426000000"
          />
          <label
            className="usa-checkbox__label"
            htmlFor="2-val-0"
          >
            Fever over 100.4F
          </label>
        </div>
        <div
          className="usa-checkbox"
        >
          <input
            checked={false}
            className="usa-checkbox__input"
            id="2-val-1"
            name="symptom_list"
            onChange={[Function]}
            type="checkbox"
            value="103001002"
          />
          <label
            className="usa-checkbox__label"
            htmlFor="2-val-1"
          >
            Feeling feverish
          </label>
        </div>
        <div
          className="usa-checkbox"
        >
          <input
            checked={false}
            className="usa-checkbox__input"
            id="2-val-2"
            name="symptom_list"
            onChange={[Function]}
            type="checkbox"
            value="43724002"
          />
          <label
            className="usa-checkbox__label"
            htmlFor="2-val-2"
          >
            Chills
          </label>
        </div>
        <div
          className="usa-checkbox"
        >
          <input
            checked={false}
            className="usa-checkbox__input"
            id="2-val-3"
            name="symptom_list"
            onChange={[Function]}
            type="checkbox"
            value="49727002"
          />
          <label
            className="usa-checkbox__label"
            htmlFor="2-val-3"
          >
            Cough
          </label>
        </div>
        <div
          className="usa-checkbox"
        >
          <input
            checked={false}
            className="usa-checkbox__input"
            id="2-val-4"
            name="symptom_list"
            onChange={[Function]}
            type="checkbox"
            value="267036007"
          />
          <label
            className="usa-checkbox__label"
            htmlFor="2-val-4"
          >
            Shortness of breath
          </label>
        </div>
        <div
          className="usa-checkbox"
        >
          <input
            checked={false}
            className="usa-checkbox__input"
            id="2-val-5"
            name="symptom_list"
            onChange={[Function]}
            type="checkbox"
            value="230145002"
          />
          <label
            className="usa-checkbox__label"
            htmlFor="2-val-5"
          >
            Difficulty breathing
          </label>
        </div>
        <div
          className="usa-checkbox"
        >
          <input
            checked={false}
            className="usa-checkbox__input"
            id="2-val-6"
            name="symptom_list"
            onChange={[Function]}
            type="checkbox"
            value="84229001"
          />
          <label
            className="usa-checkbox__label"
            htmlFor="2-val-6"
          >
            Fatigue
          </label>
        </div>
        <div
          className="usa-checkbox"
        >
          <input
            checked={false}
            className="usa-checkbox__input"
            id="2-val-7"
            name="symptom_list"
            onChange={[Function]}
            type="checkbox"
            value="68962001"
          />
          <label
            className="usa-checkbox__label"
            htmlFor="2-val-7"
          >
            Muscle or body aches
          </label>
        </div>
        <div
          className="usa-checkbox"
        >
          <input
            checked={false}
            className="usa-checkbox__input"
            id="2-val-8"
            name="symptom_list"
            onChange={[Function]}
            type="checkbox"
            value="25064002"
          />
          <label
            className="usa-checkbox__label"
            htmlFor="2-val-8"
          >
            Headache
          </label>
        </div>
        <div
          className="usa-checkbox"
        >
          <input
            checked={false}
            className="usa-checkbox__input"
            id="2-val-9"
            name="symptom_list"
            onChange={[Function]}
            type="checkbox"
            value="36955009"
          />
          <label
            className="usa-checkbox__label"
            htmlFor="2-val-9"
          >
            New loss of taste
          </label>
        </div>
        <div
          className="usa-checkbox"
        >
          <input
            checked={false}
            className="usa-checkbox__input"
            id="2-val-10"
            name="symptom_list"
            onChange={[Function]}
            type="checkbox"
            value="44169009"
          />
          <label
            className="usa-checkbox__label"
            htmlFor="2-val-10"
          >
            New loss of smell
          </label>
        </div>
        <div
          className="usa-checkbox"
        >
          <input
            checked={false}
            className="usa-checkbox__input"
            id="2-val-11"
            name="symptom_list"
            onChange={[Function]}
            type="checkbox"
            value="162397003"
          />
          <label
            className="usa-checkbox__label"
            htmlFor="2-val-11"
          >
            Sore throat
          </label>
        </div>
        <div
          className="usa-checkbox"
        >
          <input
            checked={false}
            className="usa-checkbox__input"
            id="2-val-12"
            name="symptom_list"
            onChange={[Function]}
            type="checkbox"
            value="68235000"
          />
          <label
            className="usa-checkbox__label"
            htmlFor="2-val-12"
          >
            Nasal congestion
          </label>
        </div>
        <div
          className="usa-checkbox"
        >
          <input
            checked={false}
            className="usa-checkbox__input"
            id="2-val-13"
            name="symptom_list"
            onChange={[Function]}
            type="checkbox"
            value="64531003"
          />
          <label
            className="usa-checkbox__label"
            htmlFor="2-val-13"
          >
            Runny nose
          </label>
        </div>
        <div
          className="usa-checkbox"
        >
          <input
            checked={false}
            className="usa-checkbox__input"
            id="2-val-14"
            name="symptom_list"
            onChange={[Function]}
            type="checkbox"
            value="422587007"
          />
          <label
            className="usa-checkbox__label"
            htmlFor="2-val-14"
          >
            Nausea
          </label>
        </div>
        <div
          className="usa-checkbox"
        >
          <input
            checked={false}
            className="usa-checkbox__input"
            id="2-val-15"
            name="symptom_list"
            onChange={[Function]}
            type="checkbox"
            value="422400008"
          />
          <label
            className="usa-checkbox__label"
            htmlFor="2-val-15"
          >
            Vomiting
          </label>
        </div>
        <div
          className="usa-checkbox"
        >
          <input
            checked={false}
            className="usa-checkbox__input"
            id="2-val-16"
            name="symptom_list"
            onChange={[Function]}
            type="checkbox"
            value="62315008"
          />
          <label
            className="usa-checkbox__label"
            htmlFor="2-val-16"
          >
            Diarrhea
          </label>
        </div>
      </div>
    </fieldset>
  </div>,
  <div
    className="usa-form-group"
  >
    <label
      className="usa-label"
      htmlFor="3"
    >
      Date of symptom onset
    </label>
    <input
      aria-required="false"
      className="usa-input"
      id="3"
      max="2021-02-08"
      min="2020-02-01"
      name="symptom_onset"
      onChange={[Function]}
      type="date"
      value=""
    />
  </div>,
]
`;
