// Jest Snapshot v1, https://goo.gl/fbAQLP

exports[`SearchResults No Results should say 'No Results' for no matches 1`] = `
<div
  className="card-container shadow-3 results-dropdown"
>
  <div
    className="usa-card__body results-dropdown__body"
  >
    <div
      className="display-flex flex-column flex-align-center margin-x-7 margin-y-2"
    >
      <div
        className="margin-bottom-105"
      >
        No results found.
      </div>
      <div>
        Check for spelling errors or
        <button
          className="usa-button margin-left-1"
          onClick={[Function]}
          type="button"
        >
          Add new patient
        </button>
      </div>
    </div>
  </div>
</div>
`;

exports[`SearchResults should show matching results 1`] = `
<div
  className="card-container shadow-3 results-dropdown"
>
  <div
    className="usa-card__body results-dropdown__body"
  >
    <table
      className="usa-table usa-table--borderless"
    >
      <thead>
        <tr>
          <th
            scope="col"
          >
            Full name
          </th>
          <th
            scope="col"
          >
            Date of birth
          </th>
          <th
            scope="col"
          >
            Action
          </th>
        </tr>
      </thead>
      <tbody>
        <tr>
          <td
            id="name0"
          >
            Washington, George
          </td>
          <td
            id="birthdate0"
          >
            01/01/1950
          </td>
          <td>
            <button
              aria-describedby="name0 birthdate0"
              className="usa-button usa-button--unstyled"
              onClick={[Function]}
              type="button"
            >
              Begin test
            </button>
          </td>
        </tr>
        <tr>
          <td
            id="name1"
          >
            King, Martin Luther
          </td>
          <td
            id="birthdate1"
          >
            01/01/1950
          </td>
          <td>
            <button
              aria-describedby="name1 birthdate1"
              className="usa-button usa-button--unstyled"
              onClick={[Function]}
              type="button"
            >
              Begin test
            </button>
          </td>
        </tr>
        <tr>
          <td
            id="name2"
          >
            Obama, Barack Hussein
          </td>
          <td
            id="birthdate2"
          >
            01/01/1950
          </td>
          <td>
            <button
              aria-describedby="name2 birthdate2"
              className="usa-button usa-button--unstyled"
              onClick={[Function]}
              type="button"
            >
              Begin test
            </button>
          </td>
        </tr>
      </tbody>
    </table>
  </div>
</div>
`;
