// Jest Snapshot v1, https://goo.gl/fbAQLP

exports[`ResultsNav displays the results sub nav when user has the permission 1`] = `
<div>
  <div
    class="prime-home flex-1"
  >
    <div
      class="grid-container results-wide-container"
    >
      <div
        class="usa-alert usa-alert--warning width-full margin-bottom-2em margin-top-1em data-retention-limits-alert"
        role="alert"
      >
        <div
          class="usa-alert__body data-retention-limits-alert-body"
        >
          <div
            class="usa-alert__text"
          >
            <strong
              class="data-retention-limits-header"
            >
              Beginning November 1st, 2025, 
               
              test results
               
               will only be stored for 30 days
              <br />
            </strong>
            This change may impact how your facility uses SimpleReport. 
            <a
              class="data-retention-limits-link"
              href="https://www.simplereport.gov/using-simplereport/data-retention-limits/"
              rel="noopener noreferrer"
              target="_blank"
            >
              Learn how to prepare for data retention limits.
            </a>
          </div>
        </div>
      </div>
      <nav
        aria-label="Secondary navigation"
        class="prime-secondary-nav"
      >
        <ul
          class="usa-nav__secondary-links prime-nav"
        >
          <li
            class="usa-nav__secondary-item"
          >
            <a
              class=""
              href="/results/1"
            >
              View test results
            </a>
          </li>
          <li
            class="usa-nav__secondary-item"
          >
            <a
              class=""
              href="/results/upload/submit"
            >
              Upload spreadsheet
            </a>
          </li>
          <li
            class="usa-nav__secondary-item"
          >
            <a
              class=""
              href="/results/upload/submissions"
            >
              View upload history
            </a>
          </li>
        </ul>
      </nav>
      Testing 123
    </div>
  </div>
</div>
`;

exports[`ResultsNav doesnt display the results sub nav when user doesnt have the permission 1`] = `
<div>
  <div
    class="prime-home flex-1"
  >
    <div
      class="grid-container results-wide-container"
    >
      <div
        class="usa-alert usa-alert--warning width-full margin-bottom-2em margin-top-1em data-retention-limits-alert"
        role="alert"
      >
        <div
          class="usa-alert__body data-retention-limits-alert-body"
        >
          <div
            class="usa-alert__text"
          >
            <strong
              class="data-retention-limits-header"
            >
              Beginning November 1st, 2025, 
               
              test results
               
               will only be stored for 30 days
              <br />
            </strong>
            This change may impact how your facility uses SimpleReport. 
            <a
              class="data-retention-limits-link"
              href="https://www.simplereport.gov/using-simplereport/data-retention-limits/"
              rel="noopener noreferrer"
              target="_blank"
            >
              Learn how to prepare for data retention limits.
            </a>
          </div>
        </div>
      </div>
      <nav
        aria-label="Secondary navigation"
        class="prime-secondary-nav"
      >
        <ul
          class="usa-nav__secondary-links prime-nav"
        >
          <li
            class="usa-nav__secondary-item"
          >
            <a
              class=""
              href="/results/1"
            >
              View test results
            </a>
          </li>
          <li
            class="usa-nav__secondary-item"
          >
            <a
              class=""
              href="/results/upload/submit"
            >
              Upload spreadsheet
            </a>
          </li>
          <li
            class="usa-nav__secondary-item"
          >
            <a
              class=""
              href="/results/upload/submissions"
            >
              View upload history
            </a>
          </li>
        </ul>
      </nav>
      Testing 123
    </div>
  </div>
</div>
`;
