// Jest Snapshot v1, https://goo.gl/fbAQLP

exports[`TestResultsList should render a list of tests 1`] = `
<div>
  <main
    class="prime-home"
  >
    <div
      class="grid-container"
    >
      <div
        class="grid-row"
      >
        <div
          class="prime-container card-container sr-test-results-list"
        >
          <div
            class="usa-card__header"
          >
            <h2>
              Test Results
              <span
                class="sr-showing-results-on-page"
              >
                Showing 
                3
                 of
                 
                3
              </span>
            </h2>
            <div>
              <button
                class="usa-button usa-button--outline"
                type="button"
              >
                <svg
                  aria-hidden="true"
                  class="svg-inline--fa fa-sliders-h fa-w-16 margin-right-1"
                  data-icon="sliders-h"
                  data-prefix="fas"
                  focusable="false"
                  role="img"
                  viewBox="0 0 512 512"
                  xmlns="http://www.w3.org/2000/svg"
                >
                  <path
                    d="M496 384H160v-16c0-8.8-7.2-16-16-16h-32c-8.8 0-16 7.2-16 16v16H16c-8.8 0-16 7.2-16 16v32c0 8.8 7.2 16 16 16h80v16c0 8.8 7.2 16 16 16h32c8.8 0 16-7.2 16-16v-16h336c8.8 0 16-7.2 16-16v-32c0-8.8-7.2-16-16-16zm0-160h-80v-16c0-8.8-7.2-16-16-16h-32c-8.8 0-16 7.2-16 16v16H16c-8.8 0-16 7.2-16 16v32c0 8.8 7.2 16 16 16h336v16c0 8.8 7.2 16 16 16h32c8.8 0 16-7.2 16-16v-16h80c8.8 0 16-7.2 16-16v-32c0-8.8-7.2-16-16-16zm0-160H288V48c0-8.8-7.2-16-16-16h-32c-8.8 0-16 7.2-16 16v16H16C7.2 64 0 71.2 0 80v32c0 8.8 7.2 16 16 16h208v16c0 8.8 7.2 16 16 16h32c8.8 0 16-7.2 16-16v-16h208c8.8 0 16-7.2 16-16V80c0-8.8-7.2-16-16-16z"
                    fill="currentColor"
                  />
                </svg>
                Filter
              </button>
            </div>
          </div>
          <div
            class="usa-card__body"
          >
            <table
              class="usa-table usa-table--borderless width-full"
            >
              <thead>
                <tr>
                  <th
                    scope="col"
                  >
                    Person
                  </th>
                  <th
                    scope="col"
                  >
                    Test date
                  </th>
                  <th
                    scope="col"
                  >
                    Result
                  </th>
                  <th
                    scope="col"
                  >
                    Device
                  </th>
                  <th
                    scope="col"
                  >
                    Symptoms
                  </th>
                  <th
                    scope="col"
                  >
                    Submitter
                  </th>
                  <th
                    scope="col"
                  >
                    Actions
                  </th>
                </tr>
              </thead>
              <tbody>
                <tr
                  class="sr-test-result-row"
                  data-patient-link="https://simplereport.gov/pxp?plid=68c543e8-7c65-4047-955c-e3f65bb8b58a"
                  title=""
                >
                  <th
                    scope="row"
                  >
                    Cragell, Barb Whitaker
                    <span
                      class="display-block text-base font-ui-2xs"
                    >
                      DOB: 
                      11/07/1960
                    </span>
                  </th>
                  <td>
                    03/17/2021 7:27pm
                  </td>
                  <td>
                    Negative
                  </td>
                  <td>
                    Abbott IDNow
                  </td>
                  <td>
                    No
                  </td>
                  <td>
                    Arthur A Admin
                  </td>
                  <td>
                    <button
                      aria-expanded="false"
                      aria-haspopup="true"
                      class="rc-menu-button sr-actions-menu"
                    >
                      <svg
                        aria-hidden="true"
                        class="svg-inline--fa fa-ellipsis-h fa-w-16 fa-2x "
                        data-icon="ellipsis-h"
                        data-prefix="fas"
                        focusable="false"
                        role="img"
                        viewBox="0 0 512 512"
                        xmlns="http://www.w3.org/2000/svg"
                      >
                        <path
                          d="M328 256c0 39.8-32.2 72-72 72s-72-32.2-72-72 32.2-72 72-72 72 32.2 72 72zm104-72c-39.8 0-72 32.2-72 72s32.2 72 72 72 72-32.2 72-72-32.2-72-72-72zm-352 0c-39.8 0-72 32.2-72 72s32.2 72 72 72 72-32.2 72-72-32.2-72-72-72z"
                          fill="currentColor"
                        />
                      </svg>
                      <span
                        class="usa-sr-only"
                      >
                        More actions
                      </span>
                    </button>
                    <div
                      class="rc-menu-container"
                      role="presentation"
                    />
                  </td>
                </tr>
                <tr
                  class="sr-test-result-row"
                  data-patient-link="https://simplereport.gov/pxp?plid=68c543e8-7c65-4047-955c-e3f65bb8b58a"
                  title=""
                >
                  <th
                    scope="row"
                  >
                    Colleer, Barde X
                    <span
                      class="display-block text-base font-ui-2xs"
                    >
                      DOB: 
                      11/07/1960
                    </span>
                  </th>
                  <td>
                    03/18/2021 7:27pm
                  </td>
                  <td>
                    Negative
                  </td>
                  <td>
                    Abbott IDNow
                  </td>
                  <td>
                    Unknown
                  </td>
                  <td>
                    Ursula User
                  </td>
                  <td>
                    <button
                      aria-expanded="false"
                      aria-haspopup="true"
                      class="rc-menu-button sr-actions-menu"
                    >
                      <svg
                        aria-hidden="true"
                        class="svg-inline--fa fa-ellipsis-h fa-w-16 fa-2x "
                        data-icon="ellipsis-h"
                        data-prefix="fas"
                        focusable="false"
                        role="img"
                        viewBox="0 0 512 512"
                        xmlns="http://www.w3.org/2000/svg"
                      >
                        <path
                          d="M328 256c0 39.8-32.2 72-72 72s-72-32.2-72-72 32.2-72 72-72 72 32.2 72 72zm104-72c-39.8 0-72 32.2-72 72s32.2 72 72 72 72-32.2 72-72-32.2-72-72-72zm-352 0c-39.8 0-72 32.2-72 72s32.2 72 72 72 72-32.2 72-72-32.2-72-72-72z"
                          fill="currentColor"
                        />
                      </svg>
                      <span
                        class="usa-sr-only"
                      >
                        More actions
                      </span>
                    </button>
                    <div
                      class="rc-menu-container"
                      role="presentation"
                    />
                  </td>
                </tr>
                <tr
                  class="sr-test-result-row"
                  data-patient-link="https://simplereport.gov/pxp?plid=68c543e8-7c65-4047-955c-e3f65bb8b58a"
                  title=""
                >
                  <th
                    scope="row"
                  >
                    Gerard, Sam G
                    <span
                      class="display-block text-base font-ui-2xs"
                    >
                      DOB: 
                      11/07/1960
                    </span>
                  </th>
                  <td>
                    03/19/2021 7:27pm
                  </td>
                  <td>
                    Positive
                  </td>
                  <td>
                    Abbott IDNow
                  </td>
                  <td>
                    Yes
                  </td>
                  <td>
                    Ethan Entry
                  </td>
                  <td>
                    <button
                      aria-expanded="false"
                      aria-haspopup="true"
                      class="rc-menu-button sr-actions-menu"
                    >
                      <svg
                        aria-hidden="true"
                        class="svg-inline--fa fa-ellipsis-h fa-w-16 fa-2x "
                        data-icon="ellipsis-h"
                        data-prefix="fas"
                        focusable="false"
                        role="img"
                        viewBox="0 0 512 512"
                        xmlns="http://www.w3.org/2000/svg"
                      >
                        <path
                          d="M328 256c0 39.8-32.2 72-72 72s-72-32.2-72-72 32.2-72 72-72 72 32.2 72 72zm104-72c-39.8 0-72 32.2-72 72s32.2 72 72 72 72-32.2 72-72-32.2-72-72-72zm-352 0c-39.8 0-72 32.2-72 72s32.2 72 72 72 72-32.2 72-72-32.2-72-72-72z"
                          fill="currentColor"
                        />
                      </svg>
                      <span
                        class="usa-sr-only"
                      >
                        More actions
                      </span>
                    </button>
                    <div
                      class="rc-menu-container"
                      role="presentation"
                    />
                  </td>
                </tr>
              </tbody>
            </table>
          </div>
          <div
            class="usa-card__footer"
          >
            <nav
              aria-label="Pagination"
              class="usa-pagination"
              role="navigation"
            >
              <ol>
                <li>
                  <a
                    aria-label="Page 1"
                    class="is-active"
                    href="/results/1"
                  >
                    <span>
                      1
                    </span>
                  </a>
                </li>
              </ol>
            </nav>
          </div>
        </div>
      </div>
    </div>
  </main>
</div>
`;
