// Jest Snapshot v1, https://goo.gl/fbAQLP

exports[`Upload Patient displays the upload patients page correctly 1`] = `
<div>
  <div
    class="prime-edit-patient prime-home flex-1"
  >
    <div
      class="grid-container margin-bottom-4 maxw-desktop-lg"
    >
      <div
        class="patient__header padding-bottom-0"
      >
        <div
          class="display-flex flex-justify"
        >
          <div>
            <div
              class="display-flex flex-align-center"
            >
              <svg
                aria-hidden="true"
                class="usa-icon text-base margin-left-neg-2px"
                focusable="false"
                role="img"
              >
                <use
                  xlink:href="sprite.svg#arrow_back"
                />
              </svg>
              <a
                class="margin-left-05"
                href="/patients"
              >
                Patients
              </a>
            </div>
            <div
              class="prime-edit-patient-heading margin-y-0"
            >
              <h1
                class="font-heading-lg margin-top-1 margin-bottom-0"
              >
                Add new 
                patient
              </h1>
            </div>
          </div>
        </div>
        <nav
          aria-label="Secondary navigation"
          class="prime-secondary-nav padding-top-2"
        >
          <ul
            class="usa-nav__secondary-links prime-nav"
          >
            <li
              class="usa-nav__secondary-item padding-left-0"
            >
              <a
                class=""
                href="/add-patient"
              >
                Add individual 
                patient
              </a>
            </li>
            <li
              class="usa-nav__secondary-item"
            >
              <a
                class=""
                href="/upload-patients"
              >
                Import from spreadsheet
              </a>
            </li>
          </ul>
        </nav>
      </div>
      <div
        class="card padding-top-5 padding-bottom-7"
      >
        <ol
          class="prime-ul margin-0"
        >
          <li>
            <h2
              class="margin-0 font-sans-lg text-light line-height-225"
            >
              1. Set up your spreadsheet
            </h2>
            <div
              class="margin-left-3"
            >
              <div
                class="usa-summary-box margin-top-3 margin-bottom-3 margin-right-3 maxw-tablet-lg"
              >
                <span
                  class="usa-alert__heading text-bold"
                >
                  Follow formatting guidelines
                </span>
                <p
                  class="usa-alert__text margin-top-0"
                >
                  To upload patients in bulk, spreadsheets need to match SimpleReport data requirements. Follow the Patient bulk upload guide closely to format your CSV before uploading it below.
                </p>
              </div>
              <a
                class="usa-button margin-right-105"
                href="/using-simplereport/manage-people-you-test/bulk-upload-patients/#preparing-your-spreadsheet-data"
              >
                View patient bulk upload guide
              </a>
              <a
                class="usa-button usa-button--outline"
                href="/assets/resources/patient_upload_example.csv"
              >
                Download spreadsheet template
              </a>
            </div>
          </li>
          <li>
            <h2
              class="margin-top-7 margin-bottom-1 font-sans-lg text-light line-height-225"
            >
              2. Would you like to import these patients to one facility OR all facilities?
            </h2>
            <div
              class="margin-left-3"
            >
              <p
                class="maxw-710 line-height-sans-4"
              >
                If you plan to test patients at more than one facility, we recommend adding them to all facilities. You can't select multiple facilities individually.
              </p>
              <form
                class="usa-form-group margin-top-2"
              >
                <fieldset
                  class="usa-fieldset prime-radios"
                  id="facilitySector"
                >
                  <legend
                    class="usa-legend usa-sr-only"
                  >
                    Select facility
                  </legend>
                  <div
                    class="prime-radio--horizontal"
                  >
                    <div
                      class="usa-radio prime-radio--horizontal__container"
                    >
                      <input
                        class="usa-radio__input usa-radio__input--tile"
                        data-required="false"
                        id="1-val-oneFacility"
                        name="facilitySector"
                        type="radio"
                        value="oneFacility"
                      />
                      <label
                        class="usa-radio__label"
                        data-cy="radio-group-option-oneFacility"
                        for="1-val-oneFacility"
                      >
                        One facility
                      </label>
                    </div>
                    <div
                      class="usa-radio prime-radio--horizontal__container"
                    >
                      <input
                        class="usa-radio__input usa-radio__input--tile"
                        data-required="false"
                        id="1-val-allFacility"
                        name="facilitySector"
                        type="radio"
                        value="allFacility"
                      />
                      <label
                        class="usa-radio__label"
                        data-cy="radio-group-option-allFacility"
                        for="1-val-allFacility"
                      >
                        All facilities
                      </label>
                    </div>
                  </div>
                </fieldset>
              </form>
            </div>
          </li>
          <li>
            <h2
              class="margin-top-7 margin-bottom-1 font-sans-lg text-light line-height-225"
            >
              3. Upload your spreadsheet
              .
            </h2>
            <div
              class="margin-left-3"
            >
              <p
                class="maxw-710 line-height-sans-4"
              >
                The system will check the data for errors before adding your patients to SimpleReport.
              </p>
              <div
                class="usa-form-group margin-bottom-3"
                data-testid="formGroup"
              >
                <div
                  class="sr-single-file-input blank"
                >
                  <input
                    accept="text/csv, .csv"
                    aria-describedby="file-input-specific-hint"
                    aria-invalid="false"
                    aria-label="Choose CSV file"
                    class="usa-file-input"
                    data-testid="upload-patients-file-input"
                    id="upload-patients-file-input"
                    name="upload-patients-file-input"
                    required=""
                    type="file"
                  />
                  <span
                    id="file-input-specific-hint"
                  >
                    Drag file here or choose from folder
                  </span>
                </div>
              </div>
              <button
                aria-disabled="true"
                class="usa-button usa-button-disabled"
                disabled=""
                type="button"
              >
                Upload CSV file
              </button>
            </div>
          </li>
        </ol>
      </div>
    </div>
  </div>
</div>
`;
