// Jest Snapshot v1, https://goo.gl/fbAQLP

exports[`AoEPatientFormContainer snapshot 1`] = `
<main
  className="patient-app patient-app--form padding-bottom-4"
>
  <div
    className="grid-container maxw-tablet"
  >
    <div
      aria-label="progress"
      className="usa-step-indicator  usa-step-indicator--counters-sm margin-y-205"
    >
      <ol
        className="usa-step-indicator__segments"
      >
        <li
          aria-current={false}
          className="usa-step-indicator__segment usa-step-indicator__segment--complete"
        >
          <span
            className="usa-step-indicator__segment-label"
          >
            Profile information
             
            <span
              className="usa-sr-only"
            >
              completed
            </span>
          </span>
        </li>
        <li
          aria-current={true}
          className="usa-step-indicator__segment usa-step-indicator__segment--current"
        >
          <span
            className="usa-step-indicator__segment-label"
          >
            Symptoms and history
             
            <span
              className="usa-sr-only"
            >
              completed
            </span>
          </span>
        </li>
      </ol>
      <div
        className="usa-step-indicator__header"
      >
        <h1
          className="usa-step-indicator__heading"
        >
          <span
            className="usa-step-indicator__heading-counter"
          >
            <span
              className="usa-sr-only"
            >
              Step
            </span>
            <span
              className="usa-step-indicator__current-step margin-right-05"
            >
              2
            </span>
            <span
              className="usa-step-indicator__total-steps"
            >
              of 
              2
            </span>
          </span>
          <span
            className="usa-step-indicator__heading-text"
          >
            Symptoms and history
          </span>
        </h1>
      </div>
    </div>
    <form
      className="display-flex flex-column padding-bottom-10"
      onSubmit={[Function]}
    >
      <p
        className="message--required"
      >
        Required fields are marked with an asterisk (
        <abbr
          className="usa-hint usa-hint--required"
          title="required"
        >
          *
        </abbr>
        ).
      </p>
      <div
        className="prime-formgroup"
      >
        <fieldset
          className="usa-fieldset"
        >
          <legend
            className="prime-formgroup-heading usa-legend"
          >
            Symptoms
          </legend>
          <div
            className="usa-fieldset"
          >
            <div
              className="usa-form-group"
            >
              <fieldset
                className="usa-fieldset prime-checkboxes"
              >
                <legend
                  className="usa-legend"
                >
                  Are you experiencing any of the following symptoms?
                  <abbr
                    className="usa-hint usa-hint--required"
                    title="required"
                  >
                     
                    *
                  </abbr>
                </legend>
                <div
                  className="checkboxes"
                >
                  <div
                    className="usa-checkbox"
                  >
                    <input
                      checked={false}
                      className="usa-checkbox__input"
                      id="1-val-0"
                      name="no_symptoms"
                      onChange={[Function]}
                      type="checkbox"
                      value="no"
                    />
                    <label
                      className="usa-checkbox__label"
                      htmlFor="1-val-0"
                    >
                      No Symptoms
                    </label>
                  </div>
                </div>
              </fieldset>
            </div>
            <div
              className="border-top-1px border-base-lighter margin-y-2"
            />
            <div
              className="usa-form-group"
            >
              <fieldset
                className="usa-fieldset prime-checkboxes symptom-checkboxes"
              >
                <legend
                  className="usa-legend usa-sr-only"
                >
                  What are your symptoms?
                </legend>
                <div
                  className="checkboxes"
                >
                  <div
                    className="usa-checkbox"
                  >
                    <input
                      checked={false}
                      className="usa-checkbox__input"
                      id="2-val-0"
                      name="symptom_list"
                      onChange={[Function]}
                      type="checkbox"
                      value="426000000"
                    />
                    <label
                      className="usa-checkbox__label"
                      htmlFor="2-val-0"
                    >
                      Fever over 100.4F
                    </label>
                  </div>
                  <div
                    className="usa-checkbox"
                  >
                    <input
                      checked={false}
                      className="usa-checkbox__input"
                      id="2-val-1"
                      name="symptom_list"
                      onChange={[Function]}
                      type="checkbox"
                      value="103001002"
                    />
                    <label
                      className="usa-checkbox__label"
                      htmlFor="2-val-1"
                    >
                      Feeling feverish
                    </label>
                  </div>
                  <div
                    className="usa-checkbox"
                  >
                    <input
                      checked={false}
                      className="usa-checkbox__input"
                      id="2-val-2"
                      name="symptom_list"
                      onChange={[Function]}
                      type="checkbox"
                      value="43724002"
                    />
                    <label
                      className="usa-checkbox__label"
                      htmlFor="2-val-2"
                    >
                      Chills
                    </label>
                  </div>
                  <div
                    className="usa-checkbox"
                  >
                    <input
                      checked={false}
                      className="usa-checkbox__input"
                      id="2-val-3"
                      name="symptom_list"
                      onChange={[Function]}
                      type="checkbox"
                      value="49727002"
                    />
                    <label
                      className="usa-checkbox__label"
                      htmlFor="2-val-3"
                    >
                      Cough
                    </label>
                  </div>
                  <div
                    className="usa-checkbox"
                  >
                    <input
                      checked={false}
                      className="usa-checkbox__input"
                      id="2-val-4"
                      name="symptom_list"
                      onChange={[Function]}
                      type="checkbox"
                      value="267036007"
                    />
                    <label
                      className="usa-checkbox__label"
                      htmlFor="2-val-4"
                    >
                      Shortness of breath
                    </label>
                  </div>
                  <div
                    className="usa-checkbox"
                  >
                    <input
                      checked={false}
                      className="usa-checkbox__input"
                      id="2-val-5"
                      name="symptom_list"
                      onChange={[Function]}
                      type="checkbox"
                      value="230145002"
                    />
                    <label
                      className="usa-checkbox__label"
                      htmlFor="2-val-5"
                    >
                      Difficulty breathing
                    </label>
                  </div>
                  <div
                    className="usa-checkbox"
                  >
                    <input
                      checked={false}
                      className="usa-checkbox__input"
                      id="2-val-6"
                      name="symptom_list"
                      onChange={[Function]}
                      type="checkbox"
                      value="84229001"
                    />
                    <label
                      className="usa-checkbox__label"
                      htmlFor="2-val-6"
                    >
                      Fatigue
                    </label>
                  </div>
                  <div
                    className="usa-checkbox"
                  >
                    <input
                      checked={false}
                      className="usa-checkbox__input"
                      id="2-val-7"
                      name="symptom_list"
                      onChange={[Function]}
                      type="checkbox"
                      value="68962001"
                    />
                    <label
                      className="usa-checkbox__label"
                      htmlFor="2-val-7"
                    >
                      Muscle or body aches
                    </label>
                  </div>
                  <div
                    className="usa-checkbox"
                  >
                    <input
                      checked={false}
                      className="usa-checkbox__input"
                      id="2-val-8"
                      name="symptom_list"
                      onChange={[Function]}
                      type="checkbox"
                      value="25064002"
                    />
                    <label
                      className="usa-checkbox__label"
                      htmlFor="2-val-8"
                    >
                      Headache
                    </label>
                  </div>
                  <div
                    className="usa-checkbox"
                  >
                    <input
                      checked={false}
                      className="usa-checkbox__input"
                      id="2-val-9"
                      name="symptom_list"
                      onChange={[Function]}
                      type="checkbox"
                      value="36955009"
                    />
                    <label
                      className="usa-checkbox__label"
                      htmlFor="2-val-9"
                    >
                      New loss of taste
                    </label>
                  </div>
                  <div
                    className="usa-checkbox"
                  >
                    <input
                      checked={false}
                      className="usa-checkbox__input"
                      id="2-val-10"
                      name="symptom_list"
                      onChange={[Function]}
                      type="checkbox"
                      value="44169009"
                    />
                    <label
                      className="usa-checkbox__label"
                      htmlFor="2-val-10"
                    >
                      New loss of smell
                    </label>
                  </div>
                  <div
                    className="usa-checkbox"
                  >
                    <input
                      checked={false}
                      className="usa-checkbox__input"
                      id="2-val-11"
                      name="symptom_list"
                      onChange={[Function]}
                      type="checkbox"
                      value="162397003"
                    />
                    <label
                      className="usa-checkbox__label"
                      htmlFor="2-val-11"
                    >
                      Sore throat
                    </label>
                  </div>
                  <div
                    className="usa-checkbox"
                  >
                    <input
                      checked={false}
                      className="usa-checkbox__input"
                      id="2-val-12"
                      name="symptom_list"
                      onChange={[Function]}
                      type="checkbox"
                      value="68235000"
                    />
                    <label
                      className="usa-checkbox__label"
                      htmlFor="2-val-12"
                    >
                      Nasal congestion
                    </label>
                  </div>
                  <div
                    className="usa-checkbox"
                  >
                    <input
                      checked={false}
                      className="usa-checkbox__input"
                      id="2-val-13"
                      name="symptom_list"
                      onChange={[Function]}
                      type="checkbox"
                      value="64531003"
                    />
                    <label
                      className="usa-checkbox__label"
                      htmlFor="2-val-13"
                    >
                      Runny nose
                    </label>
                  </div>
                  <div
                    className="usa-checkbox"
                  >
                    <input
                      checked={false}
                      className="usa-checkbox__input"
                      id="2-val-14"
                      name="symptom_list"
                      onChange={[Function]}
                      type="checkbox"
                      value="422587007"
                    />
                    <label
                      className="usa-checkbox__label"
                      htmlFor="2-val-14"
                    >
                      Nausea
                    </label>
                  </div>
                  <div
                    className="usa-checkbox"
                  >
                    <input
                      checked={false}
                      className="usa-checkbox__input"
                      id="2-val-15"
                      name="symptom_list"
                      onChange={[Function]}
                      type="checkbox"
                      value="422400008"
                    />
                    <label
                      className="usa-checkbox__label"
                      htmlFor="2-val-15"
                    >
                      Vomiting
                    </label>
                  </div>
                  <div
                    className="usa-checkbox"
                  >
                    <input
                      checked={false}
                      className="usa-checkbox__input"
                      id="2-val-16"
                      name="symptom_list"
                      onChange={[Function]}
                      type="checkbox"
                      value="62315008"
                    />
                    <label
                      className="usa-checkbox__label"
                      htmlFor="2-val-16"
                    >
                      Diarrhea
                    </label>
                  </div>
                </div>
              </fieldset>
            </div>
          </div>
          <label
            className="usa-label"
            data-testid="label"
            htmlFor="meeting-time"
          >
            Date of symptom onset
          </label>
          <span
            className="usa-hint"
          >
            mm/dd/yyyy
          </span>
          <div
            className="usa-date-picker usa-date-picker--initialized maxw-mobile"
            data-testid="date-picker"
            onBlur={[Function]}
            onKeyDown={[Function]}
          >
            <input
              aria-hidden={true}
              className="usa-input usa-sr-only usa-date-picker__internal-input"
              data-testid="date-picker-internal-input"
              disabled={false}
              name="symptom_onset"
              readOnly={true}
              required={false}
              tabIndex={-1}
              type="text"
              value=""
            />
            <div
              className="usa-date-picker__wrapper"
              tabIndex={-1}
            >
              <input
                className="usa-input usa-date-picker__external-input"
                data-testid="date-picker-external-input"
                id="symptom_onset"
                onBlur={[Function]}
                onFocus={[Function]}
                onInput={[Function]}
                required={false}
                type="text"
                value=""
              />
              <button
                aria-haspopup={true}
                aria-label="Toggle calendar"
                className="usa-date-picker__button"
                data-testid="date-picker-button"
                onClick={[Function]}
                type="button"
              >
                 
              </button>
              <div
                aria-modal="true"
                className="usa-date-picker__calendar"
                data-testid="date-picker-calendar"
                hidden={true}
                onKeyDown={[Function]}
                onKeyUp={[Function]}
                role="dialog"
                style={
                  Object {
                    "top": "0px",
                  }
                }
              />
              <div
                aria-live="polite"
                className="usa-sr-only usa-date-picker__status"
                data-testid="date-picker-status"
                role="status"
              >
                
              </div>
            </div>
          </div>
        </fieldset>
      </div>
      <div
        className="prime-formgroup"
      >
        <fieldset
          className="usa-fieldset"
        >
          <legend
            className="prime-formgroup-heading usa-legend"
          >
            Test history
          </legend>
          <div
            className="prime-formgroup__wrapper"
          >
            <div
              className="usa-legend"
            >
              Is this your first COVID-19 test?
            </div>
            <div
              className="prime-previous-test-display margin-top-2"
            >
              No previous test data found
            </div>
            <div
              className="usa-form-group"
            >
              <fieldset
                className="usa-fieldset prime-radios"
              >
                <legend
                  className="usa-legend usa-sr-only"
                >
                  Is this your first covid test?
                </legend>
                <div
                  className="prime-radio--horizontal"
                >
                  <div
                    className="usa-radio prime-radio--horizontal__container"
                  >
                    <input
                      checked={false}
                      className="usa-radio__input"
                      data-required="false"
                      disabled={false}
                      id="3-val-YES"
                      name="prior_test_flag"
                      onChange={[Function]}
                      type="radio"
                      value="YES"
                    />
                    <label
                      className="usa-radio__label"
                      htmlFor="3-val-YES"
                    >
                      Yes
                    </label>
                  </div>
                  <div
                    className="usa-radio prime-radio--horizontal__container"
                  >
                    <input
                      checked={false}
                      className="usa-radio__input"
                      data-required="false"
                      disabled={false}
                      id="3-val-NO"
                      name="prior_test_flag"
                      onChange={[Function]}
                      type="radio"
                      value="NO"
                    />
                    <label
                      className="usa-radio__label"
                      htmlFor="3-val-NO"
                    >
                      No
                    </label>
                  </div>
                </div>
              </fieldset>
            </div>
          </div>
        </fieldset>
      </div>
      <div
        className="prime-formgroup"
      >
        <fieldset
          className="usa-fieldset"
        >
          <legend
            className="prime-formgroup-heading usa-legend"
          >
            Pregnancy
          </legend>
          <div
            className="usa-form-group"
          >
            <fieldset
              className="usa-fieldset prime-radios"
            >
              <legend
                className="usa-legend"
              >
                Currently pregnant?
              </legend>
              <div
                className=""
              >
                <div
                  className="usa-radio"
                >
                  <input
                    checked={false}
                    className="usa-radio__input"
                    data-required="false"
                    disabled={false}
                    id="4-val-77386006"
                    name="pregnancy"
                    onChange={[Function]}
                    type="radio"
                    value="77386006"
                  />
                  <label
                    className="usa-radio__label"
                    htmlFor="4-val-77386006"
                  >
                    Yes
                  </label>
                </div>
                <div
                  className="usa-radio"
                >
                  <input
                    checked={false}
                    className="usa-radio__input"
                    data-required="false"
                    disabled={false}
                    id="4-val-60001007"
                    name="pregnancy"
                    onChange={[Function]}
                    type="radio"
                    value="60001007"
                  />
                  <label
                    className="usa-radio__label"
                    htmlFor="4-val-60001007"
                  >
                    No
                  </label>
                </div>
                <div
                  className="usa-radio"
                >
                  <input
                    checked={false}
                    className="usa-radio__input"
                    data-required="false"
                    disabled={false}
                    id="4-val-261665006"
                    name="pregnancy"
                    onChange={[Function]}
                    type="radio"
                    value="261665006"
                  />
                  <label
                    className="usa-radio__label"
                    htmlFor="4-val-261665006"
                  >
                    Prefer not to answer
                  </label>
                </div>
              </div>
            </fieldset>
          </div>
        </fieldset>
      </div>
      <div
        className="margin-top-3"
      >
        <div
          className="sr-time-of-test-buttons sr-time-of-test-buttons-footer"
        >
          <button
            className="usa-button margin-right-0"
            id="aoe-form-save-button"
            type="submit"
          >
            Submit
          </button>
        </div>
      </div>
    </form>
  </div>
</main>
`;
