// Jest Snapshot v1, https://goo.gl/fbAQLP

exports[`PatientFormContainer snapshot 1`] = `
<main
  className="patient-app patient-app--form padding-bottom-4"
>
  <div
    className="grid-container maxw-tablet"
  >
    <div
      aria-label="progress"
      className="usa-step-indicator usa-step-indicator--counters-sm margin-y-205"
    >
      <ol
        className="usa-step-indicator__segments"
      >
        <li
          aria-current={true}
          className="usa-step-indicator__segment usa-step-indicator__segment--current"
        >
          <span
            className="usa-step-indicator__segment-label"
          >
            Profile information
             
            <span
              className="usa-sr-only"
            >
              completed
            </span>
          </span>
        </li>
        <li
          aria-current={false}
          className="usa-step-indicator__segment"
        >
          <span
            className="usa-step-indicator__segment-label"
          >
            Symptoms and history
             
            <span
              className="usa-sr-only"
            >
              completed
            </span>
          </span>
        </li>
      </ol>
      <div
        className="usa-step-indicator__header"
      >
        <h1
          className="usa-step-indicator__heading"
        >
          <span
            className="usa-step-indicator__heading-counter"
          >
            <span
              className="usa-sr-only"
            >
              Step
            </span>
            <span
              className="usa-step-indicator__current-step margin-right-05"
            >
              1
            </span>
            <span
              className="usa-step-indicator__total-steps"
            >
              of 
              2
            </span>
          </span>
          <span
            className="usa-step-indicator__heading-text"
          >
            Profile information
          </span>
        </h1>
      </div>
    </div>
    <main
      className="prime-edit-patient prime-home padding-top-0"
    >
      <div>
        <div
          className="prime-formgroup"
        >
          <fieldset
            className="usa-fieldset"
          >
            <legend
              className="prime-formgroup-heading usa-legend"
            >
              General information
            </legend>
            <p
              className="message--required"
            >
              Required fields are marked with an asterisk
               (
              <abbr
                className="usa-hint usa-hint--required"
                title="required"
              >
                *
              </abbr>
              ).
            </p>
            <div
              className="usa-form"
            >
              <div
                className="usa-form-group"
              >
                <label
                  className="usa-label"
                  htmlFor="1"
                >
                  First name
                </label>
                <input
                  aria-disabled={true}
                  aria-required="false"
                  className="usa-input"
                  disabled={true}
                  id="1"
                  name="firstName"
                  onBlur={[Function]}
                  onChange={[Function]}
                  type="text"
                  value=""
                />
              </div>
              <div
                className="usa-form-group"
              >
                <label
                  className="usa-label"
                  htmlFor="2"
                >
                  Middle name
                </label>
                <input
                  aria-disabled={true}
                  aria-required="false"
                  className="usa-input"
                  disabled={true}
                  id="2"
                  name="middleName"
                  onBlur={[Function]}
                  onChange={[Function]}
                  type="text"
                  value=""
                />
              </div>
              <div
                className="usa-form-group"
              >
                <label
                  className="usa-label"
                  htmlFor="3"
                >
                  Last name
                </label>
                <input
                  aria-disabled={true}
                  aria-required="false"
                  className="usa-input"
                  disabled={true}
                  id="3"
                  name="lastName"
                  onBlur={[Function]}
                  onChange={[Function]}
                  type="text"
                  value=""
                />
              </div>
            </div>
            <div
              className="usa-form"
            >
              <div
                className="usa-form-group prime-dropdown "
              >
                <label
                  className="usa-label"
                  htmlFor="4"
                >
                  Role
                </label>
                <select
                  aria-required="false"
                  className="usa-select"
                  id="4"
                  name="role"
                  onChange={[Function]}
                  value="- Select -"
                >
                  <option
                    value=""
                  >
                    - Select -
                  </option>
                  <option
                    value="STAFF"
                  >
                    Staff
                  </option>
                  <option
                    value="RESIDENT"
                  >
                    Resident
                  </option>
                  <option
                    value="STUDENT"
                  >
                    Student
                  </option>
                  <option
                    value="VISITOR"
                  >
                    Visitor
                  </option>
                </select>
              </div>
              <div
                className="usa-form-group"
              >
                <label
                  className="usa-label"
                  htmlFor="preferred-language"
                >
                  Preferred language
                </label>
              </div>
            </div>
            <div
              className="usa-form"
            >
              <div
                className="usa-form-group"
              >
                <label
                  className="usa-label"
                  htmlFor="5"
                >
                  Date of birth (mm/dd/yyyy)
                </label>
                <input
                  aria-disabled={true}
                  aria-required="false"
                  className="usa-input"
                  disabled={true}
                  id="5"
                  max="2021-08-01"
                  min="1900-01-01"
                  name="birthDate"
                  onBlur={[Function]}
                  onChange={[Function]}
                  type="date"
                  value=""
                />
              </div>
            </div>
          </fieldset>
        </div>
        <div
          className="prime-formgroup"
        >
          <fieldset
            className="usa-fieldset"
          >
            <legend
              className="prime-formgroup-heading usa-legend"
            >
              Contact information
            </legend>
            <p
              className="usa-hint maxw-prose"
            >
              You're responsible for entering the correct contact information, following applicable federal and state laws.
            </p>
            <div
              className="usa-form"
            >
              <div>
                <div
                  className="display-flex"
                >
                  <div
                    className="usa-form-group flex-fill"
                  >
                    <label
                      className="usa-label"
                      htmlFor="6"
                    >
                      Primary phone number
                      <abbr
                        className="usa-hint usa-hint--required"
                        title="required"
                      >
                         
                        *
                      </abbr>
                    </label>
                    <input
                      aria-required={true}
                      className="usa-input"
                      id="6"
                      name="number"
                      onBlur={[Function]}
                      onChange={[Function]}
                      type="text"
                      value=""
                    />
                  </div>
                </div>
                <div
                  className="usa-form-group"
                >
                  <fieldset
                    className="usa-fieldset prime-radios margin-top-3"
                  >
                    <legend
                      className="usa-legend"
                    >
                      Phone type
                      <abbr
                        className="usa-hint usa-hint--required"
                        title="required"
                      >
                         
                        *
                      </abbr>
                    </legend>
                    <div
                      className=""
                    >
                      <div
                        className="usa-radio"
                      >
                        <input
                          checked={false}
                          className="usa-radio__input"
                          data-required={true}
                          disabled={false}
                          id="7-val-MOBILE"
                          name="phoneType-0"
                          onBlur={[Function]}
                          onChange={[Function]}
                          type="radio"
                          value="MOBILE"
                        />
                        <label
                          className="usa-radio__label"
                          htmlFor="7-val-MOBILE"
                        >
                          Mobile
                        </label>
                      </div>
                      <div
                        className="usa-radio"
                      >
                        <input
                          checked={false}
                          className="usa-radio__input"
                          data-required={true}
                          disabled={false}
                          id="7-val-LANDLINE"
                          name="phoneType-0"
                          onBlur={[Function]}
                          onChange={[Function]}
                          type="radio"
                          value="LANDLINE"
                        />
                        <label
                          className="usa-radio__label"
                          htmlFor="7-val-LANDLINE"
                        >
                          Landline
                        </label>
                      </div>
                    </div>
                  </fieldset>
                </div>
              </div>
              <button
                className="usa-button usa-button--unstyled margin-top-2"
                onClick={[Function]}
                type="button"
              >
                <svg
                  aria-hidden="true"
                  className="svg-inline--fa fa-plus fa-w-14 margin-right-1"
                  data-icon="plus"
                  data-prefix="fas"
                  focusable="false"
                  role="img"
                  style={Object {}}
                  viewBox="0 0 448 512"
                  xmlns="http://www.w3.org/2000/svg"
                >
                  <path
                    d="M416 208H272V64c0-17.67-14.33-32-32-32h-32c-17.67 0-32 14.33-32 32v144H32c-17.67 0-32 14.33-32 32v32c0 17.67 14.33 32 32 32h144v144c0 17.67 14.33 32 32 32h32c17.67 0 32-14.33 32-32V304h144c17.67 0 32-14.33 32-32v-32c0-17.67-14.33-32-32-32z"
                    fill="currentColor"
                    style={Object {}}
                  />
                </svg>
                Add another number
              </button>
            </div>
            <div
              className="usa-form"
            >
              <div
                className="usa-form"
              >
                <div>
                  <div
                    className="display-flex"
                  >
                    <div
                      className="usa-form-group flex-fill"
                    >
                      <label
                        className="usa-label"
                        htmlFor="8"
                      >
                        Email address
                      </label>
                      <input
                        aria-required="false"
                        className="usa-input"
                        id="8"
                        name="email-0"
                        onBlur={[Function]}
                        onChange={[Function]}
                        type="text"
                        value=""
                      />
                    </div>
                    <div
                      className="flex-align-self-end"
                    >
                      <button
                        aria-label="Delete email"
                        className="usa-button--unstyled padding-105 height-5"
                        onClick={[Function]}
                      >
                        <svg
                          aria-hidden="true"
                          className="svg-inline--fa fa-trash fa-w-14 text-error"
                          data-icon="trash"
                          data-prefix="fas"
                          focusable="false"
                          role="img"
                          style={Object {}}
                          viewBox="0 0 448 512"
                          xmlns="http://www.w3.org/2000/svg"
                        >
                          <path
                            d="M432 32H312l-9.4-18.7A24 24 0 0 0 281.1 0H166.8a23.72 23.72 0 0 0-21.4 13.3L136 32H16A16 16 0 0 0 0 48v32a16 16 0 0 0 16 16h416a16 16 0 0 0 16-16V48a16 16 0 0 0-16-16zM53.2 467a48 48 0 0 0 47.9 45h245.8a48 48 0 0 0 47.9-45L416 128H32z"
                            fill="currentColor"
                            style={Object {}}
                          />
                        </svg>
                      </button>
                    </div>
                  </div>
                </div>
                <button
                  className="usa-button usa-button--unstyled margin-top-2"
                  onClick={[Function]}
                  type="button"
                >
                  <svg
                    aria-hidden="true"
                    className="svg-inline--fa fa-plus fa-w-14 margin-right-1"
                    data-icon="plus"
                    data-prefix="fas"
                    focusable="false"
                    role="img"
                    style={Object {}}
                    viewBox="0 0 448 512"
                    xmlns="http://www.w3.org/2000/svg"
                  >
                    <path
                      d="M416 208H272V64c0-17.67-14.33-32-32-32h-32c-17.67 0-32 14.33-32 32v144H32c-17.67 0-32 14.33-32 32v32c0 17.67 14.33 32 32 32h144v144c0 17.67 14.33 32 32 32h32c17.67 0 32-14.33 32-32V304h144c17.67 0 32-14.33 32-32v-32c0-17.67-14.33-32-32-32z"
                      fill="currentColor"
                      style={Object {}}
                    />
                  </svg>
                  Add another email address
                </button>
              </div>
            </div>
            <div
              className="usa-form"
            >
              <div
                className="usa-form-group prime-dropdown "
              >
                <label
                  className="usa-label"
                  htmlFor="9"
                >
                  Country
                  <abbr
                    className="usa-hint usa-hint--required"
                    title="required"
                  >
                     
                    *
                  </abbr>
                </label>
                <select
                  aria-required={true}
                  className="usa-select"
                  id="9"
                  name="country"
                  onBlur={[Function]}
                  onChange={[Function]}
                  value="USA"
                >
                  <option
                    value="AFG"
                  >
                    Afghanistan
                  </option>
                  <option
                    value="XQZ"
                  >
                    Akrotiri
                  </option>
                  <option
                    value="ALB"
                  >
                    Albania
                  </option>
                  <option
                    value="DZA"
                  >
                    Algeria
                  </option>
                  <option
                    value="ASM"
                  >
                    American Samoa
                  </option>
                  <option
                    value="AND"
                  >
                    Andorra
                  </option>
                  <option
                    value="AGO"
                  >
                    Angola
                  </option>
                  <option
                    value="AIA"
                  >
                    Anguilla
                  </option>
                  <option
                    value="ATA"
                  >
                    Antarctica
                  </option>
                  <option
                    value="ATG"
                  >
                    Antigua
                  </option>
                  <option
                    value="ARG"
                  >
                    Argentina
                  </option>
                  <option
                    value="ARM"
                  >
                    Armenia
                  </option>
                  <option
                    value="ABW"
                  >
                    Aruba
                  </option>
                  <option
                    value="XAC"
                  >
                    Ashmore and Cartier Islands
                  </option>
                  <option
                    value="AUS"
                  >
                    Australia
                  </option>
                  <option
                    value="AUT"
                  >
                    Austria
                  </option>
                  <option
                    value="AZE"
                  >
                    Azerbaijan
                  </option>
                  <option
                    value="BHS"
                  >
                    Bahamas, The
                  </option>
                  <option
                    value="BHR"
                  >
                    Bahrain
                  </option>
                  <option
                    value="XBK"
                  >
                    Baker Island
                  </option>
                  <option
                    value="BGD"
                  >
                    Bangladesh
                  </option>
                  <option
                    value="BRB"
                  >
                    Barbados
                  </option>
                  <option
                    value="BLR"
                  >
                    Belarus
                  </option>
                  <option
                    value="BEL"
                  >
                    Belgium
                  </option>
                  <option
                    value="BLZ"
                  >
                    Belize
                  </option>
                  <option
                    value="BEN"
                  >
                    Benin
                  </option>
                  <option
                    value="BMU"
                  >
                    Bermuda
                  </option>
                  <option
                    value="BTN"
                  >
                    Bhutan
                  </option>
                  <option
                    value="BOL"
                  >
                    Bolivia
                  </option>
                  <option
                    value="BIH"
                  >
                    Bosnia and Herzegovina
                  </option>
                  <option
                    value="BWA"
                  >
                    Botswana
                  </option>
                  <option
                    value="BVT"
                  >
                    Bouvet Island
                  </option>
                  <option
                    value="BRA"
                  >
                    Brazil
                  </option>
                  <option
                    value="IOT"
                  >
                    British Indian Ocean Territory
                  </option>
                  <option
                    value="BRN"
                  >
                    Brunei
                  </option>
                  <option
                    value="BGR"
                  >
                    Bulgaria
                  </option>
                  <option
                    value="BFA"
                  >
                    Burkina Faso
                  </option>
                  <option
                    value="MMR"
                  >
                    Burma
                  </option>
                  <option
                    value="BDI"
                  >
                    Burundi
                  </option>
                  <option
                    value="CPV"
                  >
                    Cabo Verde
                  </option>
                  <option
                    value="KHM"
                  >
                    Cambodia
                  </option>
                  <option
                    value="CMR"
                  >
                    Cameroon
                  </option>
                  <option
                    value="CAN"
                  >
                    Canada
                  </option>
                  <option
                    value="CYM"
                  >
                    Cayman Islands
                  </option>
                  <option
                    value="CAF"
                  >
                    Central African Republic
                  </option>
                  <option
                    value="TCD"
                  >
                    Chad
                  </option>
                  <option
                    value="CHL"
                  >
                    Chile
                  </option>
                  <option
                    value="CHN"
                  >
                    China
                  </option>
                  <option
                    value="CXR"
                  >
                    Christmas Island
                  </option>
                  <option
                    value="CPT"
                  >
                    Clipperton Island
                  </option>
                  <option
                    value="CCK"
                  >
                    Cocos (Keeling) Islands
                  </option>
                  <option
                    value="COL"
                  >
                    Colombia
                  </option>
                  <option
                    value="COM"
                  >
                    Comoros
                  </option>
                  <option
                    value="COK"
                  >
                    Cook Islands
                  </option>
                  <option
                    value="XCS"
                  >
                    Coral Sea Islands
                  </option>
                  <option
                    value="CRI"
                  >
                    Costa Rica
                  </option>
                  <option
                    value="CIV"
                  >
                    Côte d’Ivoire
                  </option>
                  <option
                    value="HRV"
                  >
                    Croatia
                  </option>
                  <option
                    value="CUB"
                  >
                    Cuba
                  </option>
                  <option
                    value="CUW"
                  >
                    Curaçao
                  </option>
                  <option
                    value="CYP"
                  >
                    Cyprus
                  </option>
                  <option
                    value="CZE"
                  >
                    Czechia
                  </option>
                  <option
                    value="COD"
                  >
                    Democratic Republic of the Congo
                  </option>
                  <option
                    value="DNK"
                  >
                    Denmark
                  </option>
                  <option
                    value="XXD"
                  >
                    Dhekelia
                  </option>
                  <option
                    value="DJI"
                  >
                    Djibouti
                  </option>
                  <option
                    value="DMA"
                  >
                    Dominica
                  </option>
                  <option
                    value="DOM"
                  >
                    Dominican Republic
                  </option>
                  <option
                    value="ECU"
                  >
                    Ecuador
                  </option>
                  <option
                    value="EGY"
                  >
                    Egypt
                  </option>
                  <option
                    value="SLV"
                  >
                    El Salvador
                  </option>
                  <option
                    value="GNQ"
                  >
                    Equatorial Guinea
                  </option>
                  <option
                    value="ERI"
                  >
                    Eritrea
                  </option>
                  <option
                    value="EST"
                  >
                    Estonia
                  </option>
                  <option
                    value="SWZ"
                  >
                    Eswatini
                  </option>
                  <option
                    value="ETH"
                  >
                    Ethiopia
                  </option>
                  <option
                    value="FLK"
                  >
                    Falkland Islands (Islas Malvinas)
                  </option>
                  <option
                    value="FRO"
                  >
                    Faroe Islands
                  </option>
                  <option
                    value="FJI"
                  >
                    Fiji
                  </option>
                  <option
                    value="FIN"
                  >
                    Finland
                  </option>
                  <option
                    value="FRA"
                  >
                    France
                  </option>
                  <option
                    value="GUF"
                  >
                    French Guiana
                  </option>
                  <option
                    value="PYF"
                  >
                    French Polynesia
                  </option>
                  <option
                    value="ATF"
                  >
                    French Southern and Antarctic Lands
                  </option>
                  <option
                    value="GAB"
                  >
                    Gabon
                  </option>
                  <option
                    value="GMB"
                  >
                    Gambia, The
                  </option>
                  <option
                    value="GEO"
                  >
                    Georgia
                  </option>
                  <option
                    value="DEU"
                  >
                    Germany
                  </option>
                  <option
                    value="GHA"
                  >
                    Ghana
                  </option>
                  <option
                    value="GIB"
                  >
                    Gibraltar
                  </option>
                  <option
                    value="GRC"
                  >
                    Greece
                  </option>
                  <option
                    value="GRL"
                  >
                    Greenland
                  </option>
                  <option
                    value="GRD"
                  >
                    Grenada
                  </option>
                  <option
                    value="GLP"
                  >
                    Guadeloupe
                  </option>
                  <option
                    value="GUM"
                  >
                    Guam
                  </option>
                  <option
                    value="GTM"
                  >
                    Guatemala
                  </option>
                  <option
                    value="GGY"
                  >
                    Guernsey
                  </option>
                  <option
                    value="GIN"
                  >
                    Guinea
                  </option>
                  <option
                    value="GNB"
                  >
                    Guinea-Bissau
                  </option>
                  <option
                    value="GUY"
                  >
                    Guyana
                  </option>
                  <option
                    value="HTI"
                  >
                    Haiti
                  </option>
                  <option
                    value="HMD"
                  >
                    Heard Island and McDonald Islands
                  </option>
                  <option
                    value="VAT"
                  >
                    Holy See
                  </option>
                  <option
                    value="HND"
                  >
                    Honduras
                  </option>
                  <option
                    value="HKG"
                  >
                    Hong Kong
                  </option>
                  <option
                    value="XHO"
                  >
                    Howland Island
                  </option>
                  <option
                    value="HUN"
                  >
                    Hungary
                  </option>
                  <option
                    value="ISL"
                  >
                    Iceland
                  </option>
                  <option
                    value="IND"
                  >
                    India
                  </option>
                  <option
                    value="IDN"
                  >
                    Indonesia
                  </option>
                  <option
                    value="IRN"
                  >
                    Iran
                  </option>
                  <option
                    value="IRQ"
                  >
                    Iraq
                  </option>
                  <option
                    value="IRL"
                  >
                    Ireland
                  </option>
                  <option
                    value="IMN"
                  >
                    Isle of Man
                  </option>
                  <option
                    value="ISR"
                  >
                    Israel
                  </option>
                  <option
                    value="ITA"
                  >
                    Italy
                  </option>
                  <option
                    value="JAM"
                  >
                    Jamaica
                  </option>
                  <option
                    value="XJM"
                  >
                    Jan Mayen
                  </option>
                  <option
                    value="JPN"
                  >
                    Japan
                  </option>
                  <option
                    value="XJV"
                  >
                    Jarvis Island
                  </option>
                  <option
                    value="JEY"
                  >
                    Jersey
                  </option>
                  <option
                    value="XJA"
                  >
                    Johnston Atoll
                  </option>
                  <option
                    value="JOR"
                  >
                    Jordan
                  </option>
                  <option
                    value="KAZ"
                  >
                    Kazakhstan
                  </option>
                  <option
                    value="KEN"
                  >
                    Kenya
                  </option>
                  <option
                    value="XKR"
                  >
                    Kingman Reef
                  </option>
                  <option
                    value="KIR"
                  >
                    Kiribati
                  </option>
                  <option
                    value="PRK"
                  >
                    Korea, North
                  </option>
                  <option
                    value="KOR"
                  >
                    Korea, South
                  </option>
                  <option
                    value="XKS"
                  >
                    Kosovo
                  </option>
                  <option
                    value="KWT"
                  >
                    Kuwait
                  </option>
                  <option
                    value="KGZ"
                  >
                    Kyrgyzstan
                  </option>
                  <option
                    value="LAO"
                  >
                    Laos
                  </option>
                  <option
                    value="LVA"
                  >
                    Latvia
                  </option>
                  <option
                    value="LBN"
                  >
                    Lebanon
                  </option>
                  <option
                    value="LSO"
                  >
                    Lesotho
                  </option>
                  <option
                    value="LBR"
                  >
                    Liberia
                  </option>
                  <option
                    value="LBY"
                  >
                    Libya
                  </option>
                  <option
                    value="LIE"
                  >
                    Liechtenstein
                  </option>
                  <option
                    value="LTU"
                  >
                    Lithuania
                  </option>
                  <option
                    value="LUX"
                  >
                    Luxembourg
                  </option>
                  <option
                    value="MAC"
                  >
                    Macau
                  </option>
                  <option
                    value="MDG"
                  >
                    Madagascar
                  </option>
                  <option
                    value="MWI"
                  >
                    Malawi
                  </option>
                  <option
                    value="MYS"
                  >
                    Malaysia
                  </option>
                  <option
                    value="MDV"
                  >
                    Maldives
                  </option>
                  <option
                    value="MLI"
                  >
                    Mali
                  </option>
                  <option
                    value="MLT"
                  >
                    Malta
                  </option>
                  <option
                    value="MHL"
                  >
                    Marshall Islands
                  </option>
                  <option
                    value="MTQ"
                  >
                    Martinique
                  </option>
                  <option
                    value="MRT"
                  >
                    Mauritania
                  </option>
                  <option
                    value="MUS"
                  >
                    Mauritius
                  </option>
                  <option
                    value="MYT"
                  >
                    Mayotte
                  </option>
                  <option
                    value="MEX"
                  >
                    Mexico
                  </option>
                  <option
                    value="FSM"
                  >
                    Micronesia, Federated States of
                  </option>
                  <option
                    value="XMW"
                  >
                    Midway Islands
                  </option>
                  <option
                    value="MDA"
                  >
                    Moldova
                  </option>
                  <option
                    value="MCO"
                  >
                    Monaco
                  </option>
                  <option
                    value="MNG"
                  >
                    Mongolia
                  </option>
                  <option
                    value="MNE"
                  >
                    Montenegro
                  </option>
                  <option
                    value="MSR"
                  >
                    Montserrat
                  </option>
                  <option
                    value="MAR"
                  >
                    Morocco
                  </option>
                  <option
                    value="MOZ"
                  >
                    Mozambique
                  </option>
                  <option
                    value="NAM"
                  >
                    Namibia
                  </option>
                  <option
                    value="NRU"
                  >
                    Nauru
                  </option>
                  <option
                    value="XNV"
                  >
                    Navassa Island
                  </option>
                  <option
                    value="NPL"
                  >
                    Nepal
                  </option>
                  <option
                    value="NLD"
                  >
                    Netherlands
                  </option>
                  <option
                    value="NCL"
                  >
                    New Caledonia
                  </option>
                  <option
                    value="NZL"
                  >
                    New Zealand
                  </option>
                  <option
                    value="NIC"
                  >
                    Nicaragua
                  </option>
                  <option
                    value="NER"
                  >
                    Niger
                  </option>
                  <option
                    value="NGA"
                  >
                    Nigeria
                  </option>
                  <option
                    value="NIU"
                  >
                    Niue
                  </option>
                  <option
                    value="NFK"
                  >
                    Norfolk Island
                  </option>
                  <option
                    value="MKD"
                  >
                    North Macedonia
                  </option>
                  <option
                    value="MNP"
                  >
                    Northern Mariana Islands
                  </option>
                  <option
                    value="NOR"
                  >
                    Norway
                  </option>
                  <option
                    value="OMN"
                  >
                    Oman
                  </option>
                  <option
                    value="PAK"
                  >
                    Pakistan
                  </option>
                  <option
                    value="PLW"
                  >
                    Palau
                  </option>
                  <option
                    value="XPL"
                  >
                    Palmyra Atoll
                  </option>
                  <option
                    value="PAN"
                  >
                    Panama
                  </option>
                  <option
                    value="PNG"
                  >
                    Papua New Guinea
                  </option>
                  <option
                    value="XPR"
                  >
                    Paracel Islands
                  </option>
                  <option
                    value="PRY"
                  >
                    Paraguay
                  </option>
                  <option
                    value="PER"
                  >
                    Peru
                  </option>
                  <option
                    value="PHL"
                  >
                    Philippines
                  </option>
                  <option
                    value="PCN"
                  >
                    Pitcairn Islands
                  </option>
                  <option
                    value="POL"
                  >
                    Poland
                  </option>
                  <option
                    value="PRT"
                  >
                    Portugal
                  </option>
                  <option
                    value="PRI"
                  >
                    Puerto Rico
                  </option>
                  <option
                    value="QAT"
                  >
                    Qatar
                  </option>
                  <option
                    value="COG"
                  >
                    Republic of the Congo
                  </option>
                  <option
                    value="REU"
                  >
                    Reunion
                  </option>
                  <option
                    value="ROU"
                  >
                    Romania
                  </option>
                  <option
                    value="RUS"
                  >
                    Russia
                  </option>
                  <option
                    value="RWA"
                  >
                    Rwanda
                  </option>
                  <option
                    value="BLM"
                  >
                    Saint Barthelemy
                  </option>
                  <option
                    value="SHN"
                  >
                    Saint Helena, Ascension, and Tristan da Cunha
                  </option>
                  <option
                    value="KNA"
                  >
                    Saint Kitts and Nevis
                  </option>
                  <option
                    value="LCA"
                  >
                    Saint Lucia
                  </option>
                  <option
                    value="MAF"
                  >
                    Saint Martin
                  </option>
                  <option
                    value="SPM"
                  >
                    Saint Pierre and Miquelon
                  </option>
                  <option
                    value="VCT"
                  >
                    Saint Vincent and the Grenadines
                  </option>
                  <option
                    value="WSM"
                  >
                    Samoa
                  </option>
                  <option
                    value="SMR"
                  >
                    San Marino
                  </option>
                  <option
                    value="STP"
                  >
                    Sao Tome and Principe
                  </option>
                  <option
                    value="SAU"
                  >
                    Saudi Arabia
                  </option>
                  <option
                    value="SEN"
                  >
                    Senegal
                  </option>
                  <option
                    value="SRB"
                  >
                    Serbia
                  </option>
                  <option
                    value="SYC"
                  >
                    Seychelles
                  </option>
                  <option
                    value="SLE"
                  >
                    Sierra Leone
                  </option>
                  <option
                    value="SGP"
                  >
                    Singapore
                  </option>
                  <option
                    value="SXM"
                  >
                    Sint Maarten
                  </option>
                  <option
                    value="SVK"
                  >
                    Slovakia
                  </option>
                  <option
                    value="SVN"
                  >
                    Slovenia
                  </option>
                  <option
                    value="SLB"
                  >
                    Solomon Islands
                  </option>
                  <option
                    value="SOM"
                  >
                    Somalia
                  </option>
                  <option
                    value="ZAF"
                  >
                    South Africa
                  </option>
                  <option
                    value="SGS"
                  >
                    South Georgia and the South Sandwich Islands
                  </option>
                  <option
                    value="SSD"
                  >
                    South Sudan
                  </option>
                  <option
                    value="ESP"
                  >
                    Spain
                  </option>
                  <option
                    value="XSP"
                  >
                    Spratly Islands
                  </option>
                  <option
                    value="LKA"
                  >
                    Sri Lanka
                  </option>
                  <option
                    value="SDN"
                  >
                    Sudan
                  </option>
                  <option
                    value="SUR"
                  >
                    Suriname
                  </option>
                  <option
                    value="XSV"
                  >
                    Svalbard
                  </option>
                  <option
                    value="SWE"
                  >
                    Sweden
                  </option>
                  <option
                    value="CHE"
                  >
                    Switzerland
                  </option>
                  <option
                    value="SYR"
                  >
                    Syria
                  </option>
                  <option
                    value="TWN"
                  >
                    Taiwan
                  </option>
                  <option
                    value="TJK"
                  >
                    Tajikistan
                  </option>
                  <option
                    value="TZA"
                  >
                    Tanzania
                  </option>
                  <option
                    value="THA"
                  >
                    Thailand
                  </option>
                  <option
                    value="TLS"
                  >
                    Timor-Leste
                  </option>
                  <option
                    value="TGO"
                  >
                    Togo
                  </option>
                  <option
                    value="TKL"
                  >
                    Tokelau
                  </option>
                  <option
                    value="TON"
                  >
                    Tonga
                  </option>
                  <option
                    value="TTO"
                  >
                    Trinidad and Tobago
                  </option>
                  <option
                    value="TUN"
                  >
                    Tunisia
                  </option>
                  <option
                    value="TUR"
                  >
                    Turkey
                  </option>
                  <option
                    value="TKM"
                  >
                    Turkmenistan
                  </option>
                  <option
                    value="TCA"
                  >
                    Turks and Caicos Islands
                  </option>
                  <option
                    value="TUV"
                  >
                    Tuvalu
                  </option>
                  <option
                    value="UGA"
                  >
                    Uganda
                  </option>
                  <option
                    value="UKR"
                  >
                    Ukraine
                  </option>
                  <option
                    value="ARE"
                  >
                    United Arab Emirates
                  </option>
                  <option
                    value="GBR"
                  >
                    United Kingdom
                  </option>
                  <option
                    value="USA"
                  >
                    United States
                  </option>
                  <option
                    value="URY"
                  >
                    Uruguay
                  </option>
                  <option
                    value="UZB"
                  >
                    Uzbekistan
                  </option>
                  <option
                    value="VUT"
                  >
                    Vanuatu
                  </option>
                  <option
                    value="VEN"
                  >
                    Venezuela
                  </option>
                  <option
                    value="VNM"
                  >
                    Vietnam
                  </option>
                  <option
                    value="VGB"
                  >
                    Virgin Islands, British
                  </option>
                  <option
                    value="VIR"
                  >
                    Virgin Islands, U.S.
                  </option>
                  <option
                    value="XWK"
                  >
                    Wake Island
                  </option>
                  <option
                    value="WLF"
                  >
                    Wallis and Futuna
                  </option>
                  <option
                    value="YEM"
                  >
                    Yemen
                  </option>
                  <option
                    value="ZMB"
                  >
                    Zambia
                  </option>
                  <option
                    value="ZWE"
                  >
                    Zimbabwe
                  </option>
                </select>
              </div>
            </div>
            <div
              className="usa-form"
            >
              <div
                className="usa-form-group"
              >
                <label
                  className="usa-label"
                  htmlFor="10"
                >
                  Street address 1
                  <abbr
                    className="usa-hint usa-hint--required"
                    title="required"
                  >
                     
                    *
                  </abbr>
                </label>
                <input
                  aria-required={true}
                  className="usa-input"
                  id="10"
                  name="street"
                  onBlur={[Function]}
                  onChange={[Function]}
                  type="text"
                  value=""
                />
              </div>
            </div>
            <div
              className="usa-form"
            >
              <div
                className="usa-form-group"
              >
                <label
                  className="usa-label"
                  htmlFor="11"
                >
                  Street address 2
                </label>
                <input
                  aria-required="false"
                  className="usa-input"
                  id="11"
                  name="streetTwo"
                  onBlur={[Function]}
                  onChange={[Function]}
                  type="text"
                  value=""
                />
              </div>
            </div>
            <div
              className="usa-form"
            >
              <div
                className="usa-form-group"
              >
                <label
                  className="usa-label"
                  htmlFor="12"
                >
                  City
                </label>
                <input
                  aria-required="false"
                  className="usa-input"
                  id="12"
                  name="city"
                  onBlur={[Function]}
                  onChange={[Function]}
                  type="text"
                  value=""
                />
              </div>
              <div
                className="usa-form-group"
              >
                <label
                  className="usa-label"
                  htmlFor="13"
                >
                  County
                </label>
                <input
                  aria-required="false"
                  className="usa-input"
                  id="13"
                  name="county"
                  onBlur={[Function]}
                  onChange={[Function]}
                  type="text"
                  value=""
                />
              </div>
            </div>
          </fieldset>
        </div>
        <div
          className="prime-formgroup"
        >
          <fieldset
            className="usa-fieldset"
          >
            <legend
              className="prime-formgroup-heading usa-legend"
            >
              Demographics
            </legend>
            <p
              className="usa-hint maxw-prose"
            >
              This information is collected as part of public health efforts to recognize and address inequality in health outcomes.
            </p>
            <div
              className="usa-form-group"
            >
              <fieldset
                className="usa-fieldset prime-radios"
              >
                <legend
                  className="usa-legend"
                >
                  Race
                </legend>
                <div
                  className=""
                >
                  <div
                    className="usa-radio"
                  >
                    <input
                      checked={false}
                      className="usa-radio__input"
                      data-required="false"
                      disabled={false}
                      id="14-val-native"
                      name="race"
                      onChange={[Function]}
                      type="radio"
                      value="native"
                    />
                    <label
                      className="usa-radio__label"
                      htmlFor="14-val-native"
                    >
                      American Indian/Alaskan Native
                    </label>
                  </div>
                  <div
                    className="usa-radio"
                  >
                    <input
                      checked={false}
                      className="usa-radio__input"
                      data-required="false"
                      disabled={false}
                      id="14-val-asian"
                      name="race"
                      onChange={[Function]}
                      type="radio"
                      value="asian"
                    />
                    <label
                      className="usa-radio__label"
                      htmlFor="14-val-asian"
                    >
                      Asian
                    </label>
                  </div>
                  <div
                    className="usa-radio"
                  >
                    <input
                      checked={false}
                      className="usa-radio__input"
                      data-required="false"
                      disabled={false}
                      id="14-val-black"
                      name="race"
                      onChange={[Function]}
                      type="radio"
                      value="black"
                    />
                    <label
                      className="usa-radio__label"
                      htmlFor="14-val-black"
                    >
                      Black/African American
                    </label>
                  </div>
                  <div
                    className="usa-radio"
                  >
                    <input
                      checked={false}
                      className="usa-radio__input"
                      data-required="false"
                      disabled={false}
                      id="14-val-pacific"
                      name="race"
                      onChange={[Function]}
                      type="radio"
                      value="pacific"
                    />
                    <label
                      className="usa-radio__label"
                      htmlFor="14-val-pacific"
                    >
                      Native Hawaiian/other Pacific Islander
                    </label>
                  </div>
                  <div
                    className="usa-radio"
                  >
                    <input
                      checked={false}
                      className="usa-radio__input"
                      data-required="false"
                      disabled={false}
                      id="14-val-white"
                      name="race"
                      onChange={[Function]}
                      type="radio"
                      value="white"
                    />
                    <label
                      className="usa-radio__label"
                      htmlFor="14-val-white"
                    >
                      White
                    </label>
                  </div>
                  <div
                    className="usa-radio"
                  >
                    <input
                      checked={false}
                      className="usa-radio__input"
                      data-required="false"
                      disabled={false}
                      id="14-val-other"
                      name="race"
                      onChange={[Function]}
                      type="radio"
                      value="other"
                    />
                    <label
                      className="usa-radio__label"
                      htmlFor="14-val-other"
                    >
                      Other
                    </label>
                  </div>
                  <div
                    className="usa-radio"
                  >
                    <input
                      checked={false}
                      className="usa-radio__input"
                      data-required="false"
                      disabled={false}
                      id="14-val-refused"
                      name="race"
                      onChange={[Function]}
                      type="radio"
                      value="refused"
                    />
                    <label
                      className="usa-radio__label"
                      htmlFor="14-val-refused"
                    >
                      Prefer not to answer
                    </label>
                  </div>
                </div>
              </fieldset>
            </div>
            <div
              className="usa-form-group"
            >
              <label
                className="usa-legend"
                htmlFor="tribal-affiliation"
              >
                Tribal affiliation
              </label>
            </div>
            <div
              className="usa-form-group"
            >
              <fieldset
                className="usa-fieldset prime-radios"
              >
                <legend
                  className="usa-legend"
                >
                  Are you Hispanic or Latino?
                </legend>
                <div
                  className=""
                >
                  <div
                    className="usa-radio"
                  >
                    <input
                      checked={false}
                      className="usa-radio__input"
                      data-required="false"
                      disabled={false}
                      id="15-val-hispanic"
                      name="ethnicity"
                      onChange={[Function]}
                      type="radio"
                      value="hispanic"
                    />
                    <label
                      className="usa-radio__label"
                      htmlFor="15-val-hispanic"
                    >
                      Yes
                    </label>
                  </div>
                  <div
                    className="usa-radio"
                  >
                    <input
                      checked={false}
                      className="usa-radio__input"
                      data-required="false"
                      disabled={false}
                      id="15-val-not_hispanic"
                      name="ethnicity"
                      onChange={[Function]}
                      type="radio"
                      value="not_hispanic"
                    />
                    <label
                      className="usa-radio__label"
                      htmlFor="15-val-not_hispanic"
                    >
                      No
                    </label>
                  </div>
                  <div
                    className="usa-radio"
                  >
                    <input
                      checked={false}
                      className="usa-radio__input"
                      data-required="false"
                      disabled={false}
                      id="15-val-refused"
                      name="ethnicity"
                      onChange={[Function]}
                      type="radio"
                      value="refused"
                    />
                    <label
                      className="usa-radio__label"
                      htmlFor="15-val-refused"
                    >
                      Prefer not to answer
                    </label>
                  </div>
                </div>
              </fieldset>
            </div>
            <div
              className="usa-form-group"
            >
              <fieldset
                className="usa-fieldset prime-radios"
              >
                <legend
                  className="usa-legend"
                >
                  Sex assigned at birth
                </legend>
                <span
                  className="usa-hint"
                >
                  This is usually the gender that is written on your original birth certificate.
                </span>
                <div
                  className=""
                >
                  <div
                    className="usa-radio"
                  >
                    <input
                      checked={false}
                      className="usa-radio__input"
                      data-required="false"
                      disabled={false}
                      id="16-val-female"
                      name="gender"
                      onChange={[Function]}
                      type="radio"
                      value="female"
                    />
                    <label
                      className="usa-radio__label"
                      htmlFor="16-val-female"
                    >
                      Female
                    </label>
                  </div>
                  <div
                    className="usa-radio"
                  >
                    <input
                      checked={false}
                      className="usa-radio__input"
                      data-required="false"
                      disabled={false}
                      id="16-val-male"
                      name="gender"
                      onChange={[Function]}
                      type="radio"
                      value="male"
                    />
                    <label
                      className="usa-radio__label"
                      htmlFor="16-val-male"
                    >
                      Male
                    </label>
                  </div>
                  <div
                    className="usa-radio"
                  >
                    <input
                      checked={false}
                      className="usa-radio__input"
                      data-required="false"
                      disabled={false}
                      id="16-val-other"
                      name="gender"
                      onChange={[Function]}
                      type="radio"
                      value="other"
                    />
                    <label
                      className="usa-radio__label"
                      htmlFor="16-val-other"
                    >
                      Non-binary
                    </label>
                  </div>
                  <div
                    className="usa-radio"
                  >
                    <input
                      checked={false}
                      className="usa-radio__input"
                      data-required="false"
                      disabled={false}
                      id="16-val-refused"
                      name="gender"
                      onChange={[Function]}
                      type="radio"
                      value="refused"
                    />
                    <label
                      className="usa-radio__label"
                      htmlFor="16-val-refused"
                    >
                      Prefer not to answer
                    </label>
                  </div>
                </div>
              </fieldset>
            </div>
          </fieldset>
        </div>
        <div
          className="prime-formgroup"
        >
          <fieldset
            className="usa-fieldset"
          >
            <legend
              className="prime-formgroup-heading usa-legend"
            >
              Other
            </legend>
            <div
              className="usa-form-group"
            >
              <fieldset
                className="usa-fieldset prime-radios"
              >
                <legend
                  className="usa-legend"
                >
                  Are you a resident in a congregate living setting?
                </legend>
                <span
                  className="usa-hint"
                >
                  For example: nursing home, group home, prison, jail, or military
                </span>
                <div
                  className=""
                >
                  <div
                    className="usa-radio"
                  >
                    <input
                      checked={true}
                      className="usa-radio__input"
                      data-required="false"
                      disabled={false}
                      id="17-val-YES"
                      name="residentCongregateSetting"
                      onBlur={[Function]}
                      onChange={[Function]}
                      type="radio"
                      value="YES"
                    />
                    <label
                      className="usa-radio__label"
                      htmlFor="17-val-YES"
                    >
                      Yes
                    </label>
                  </div>
                  <div
                    className="usa-radio"
                  >
                    <input
                      checked={false}
                      className="usa-radio__input"
                      data-required="false"
                      disabled={false}
                      id="17-val-NO"
                      name="residentCongregateSetting"
                      onBlur={[Function]}
                      onChange={[Function]}
                      type="radio"
                      value="NO"
                    />
                    <label
                      className="usa-radio__label"
                      htmlFor="17-val-NO"
                    >
                      No
                    </label>
                  </div>
                  <div
                    className="usa-radio"
                  >
                    <input
                      checked={false}
                      className="usa-radio__input"
                      data-required="false"
                      disabled={false}
                      id="17-val-UNKNOWN"
                      name="residentCongregateSetting"
                      onBlur={[Function]}
                      onChange={[Function]}
                      type="radio"
                      value="UNKNOWN"
                    />
                    <label
                      className="usa-radio__label"
                      htmlFor="17-val-UNKNOWN"
                    >
                      Unknown
                    </label>
                  </div>
                </div>
              </fieldset>
            </div>
            <div
              className="usa-form-group"
            >
              <fieldset
                className="usa-fieldset prime-radios"
              >
                <legend
                  className="usa-legend"
                >
                  Are you a health care worker?
                </legend>
                <div
                  className=""
                >
                  <div
                    className="usa-radio"
                  >
                    <input
                      checked={true}
                      className="usa-radio__input"
                      data-required="false"
                      disabled={false}
                      id="18-val-YES"
                      name="employedInHealthcare"
                      onBlur={[Function]}
                      onChange={[Function]}
                      type="radio"
                      value="YES"
                    />
                    <label
                      className="usa-radio__label"
                      htmlFor="18-val-YES"
                    >
                      Yes
                    </label>
                  </div>
                  <div
                    className="usa-radio"
                  >
                    <input
                      checked={false}
                      className="usa-radio__input"
                      data-required="false"
                      disabled={false}
                      id="18-val-NO"
                      name="employedInHealthcare"
                      onBlur={[Function]}
                      onChange={[Function]}
                      type="radio"
                      value="NO"
                    />
                    <label
                      className="usa-radio__label"
                      htmlFor="18-val-NO"
                    >
                      No
                    </label>
                  </div>
                  <div
                    className="usa-radio"
                  >
                    <input
                      checked={false}
                      className="usa-radio__input"
                      data-required="false"
                      disabled={false}
                      id="18-val-UNKNOWN"
                      name="employedInHealthcare"
                      onBlur={[Function]}
                      onChange={[Function]}
                      type="radio"
                      value="UNKNOWN"
                    />
                    <label
                      className="usa-radio__label"
                      htmlFor="18-val-UNKNOWN"
                    >
                      Unknown
                    </label>
                  </div>
                </div>
              </fieldset>
            </div>
          </fieldset>
        </div>
        <div
          className="mobile-lg:display-flex flex-justify-end margin-top-2"
        >
          <button
            className="usa-button usa-button-disabled"
            disabled={true}
            id="edit-patient-save-lower"
            onClick={[Function]}
            type="button"
          >
            Save and continue
          </button>
          <button
            className="usa-button usa-button--outline margin-top-1 mobile-lg:margin-top-0 margin-right-0"
            onClick={[Function]}
            type="button"
          >
            Back
          </button>
        </div>
      </div>
    </main>
  </div>
</main>
`;
